Component: ARM Compiler 5.06 update 6 (build 750) Tool: armlink [4d35ed]

==============================================================================

Section Cross References

    startup_stm32f031x6.o(RESET) refers to startup_stm32f031x6.o(STACK) for __initial_sp
    startup_stm32f031x6.o(RESET) refers to startup_stm32f031x6.o(.text) for Reset_Handler
    startup_stm32f031x6.o(RESET) refers to stm32f0xx_mc_it.o(i.SysTick_Handler) for SysTick_Handler
    startup_stm32f031x6.o(RESET) refers to stm32f0xx_mc_it.o(i.DMA1_Channel1_IRQHandler) for DMA1_Channel1_IRQHandler
    startup_stm32f031x6.o(RESET) refers to stm32f0xx_mc_it.o(i.DMA1_Channel4_5_IRQHandler) for DMA1_Channel4_5_IRQHandler
    startup_stm32f031x6.o(RESET) refers to stm32f0xx_mc_it.o(i.TIM1_BRK_UP_TRG_COM_IRQHandler) for TIM1_BRK_UP_TRG_COM_IRQHandler
    startup_stm32f031x6.o(RESET) refers to stm32f0xx_mc_it.o(i.USART1_IRQHandler) for USART1_IRQHandler
    startup_stm32f031x6.o(.text) refers to system_stm32f0xx.o(i.SystemInit) for SystemInit
    startup_stm32f031x6.o(.text) refers to entry.o(.ARM.Collect$$$$00000000) for __main
    main.o(i.SystemClock_Config) refers to stm32f0xx_hal_rcc.o(i.HAL_RCC_OscConfig) for HAL_RCC_OscConfig
    main.o(i.SystemClock_Config) refers to stm32f0xx_hal_rcc.o(i.HAL_RCC_ClockConfig) for HAL_RCC_ClockConfig
    main.o(i.SystemClock_Config) refers to stm32f0xx_hal_rcc_ex.o(i.HAL_RCCEx_PeriphCLKConfig) for HAL_RCCEx_PeriphCLKConfig
    main.o(i.SystemClock_Config) refers to stm32f0xx_hal_rcc.o(i.HAL_RCC_EnableCSS) for HAL_RCC_EnableCSS
    main.o(i.SystemClock_Config) refers to stm32f0xx_hal_rcc.o(i.HAL_RCC_GetHCLKFreq) for HAL_RCC_GetHCLKFreq
    main.o(i.SystemClock_Config) refers to uidiv.o(.text) for __aeabi_uidivmod
    main.o(i.SystemClock_Config) refers to stm32f0xx_hal_cortex.o(i.HAL_SYSTICK_Config) for HAL_SYSTICK_Config
    main.o(i.SystemClock_Config) refers to stm32f0xx_hal_cortex.o(i.HAL_SYSTICK_CLKSourceConfig) for HAL_SYSTICK_CLKSourceConfig
    main.o(i.SystemClock_Config) refers to stm32f0xx_hal_cortex.o(i.HAL_NVIC_SetPriority) for HAL_NVIC_SetPriority
    main.o(i.main) refers to stm32f0xx_hal.o(i.HAL_Init) for HAL_Init
    main.o(i.main) refers to main.o(i.SystemClock_Config) for SystemClock_Config
    main.o(i.main) refers to stm32f0xx_hal_gpio.o(i.HAL_GPIO_WritePin) for HAL_GPIO_WritePin
    main.o(i.main) refers to stm32f0xx_hal_gpio.o(i.HAL_GPIO_Init) for HAL_GPIO_Init
    main.o(i.main) refers to stm32f0xx_hal_adc.o(i.HAL_ADC_Init) for HAL_ADC_Init
    main.o(i.main) refers to stm32f0xx_hal_adc.o(i.HAL_ADC_ConfigChannel) for HAL_ADC_ConfigChannel
    main.o(i.main) refers to stm32f0xx_hal_tim.o(i.HAL_TIM_PWM_Init) for HAL_TIM_PWM_Init
    main.o(i.main) refers to stm32f0xx_hal_tim_ex.o(i.HAL_TIMEx_MasterConfigSynchronization) for HAL_TIMEx_MasterConfigSynchronization
    main.o(i.main) refers to stm32f0xx_hal_tim.o(i.HAL_TIM_PWM_ConfigChannel) for HAL_TIM_PWM_ConfigChannel
    main.o(i.main) refers to stm32f0xx_hal_tim_ex.o(i.HAL_TIMEx_ConfigBreakDeadTime) for HAL_TIMEx_ConfigBreakDeadTime
    main.o(i.main) refers to stm32f0xx_hal_msp.o(i.HAL_TIM_MspPostInit) for HAL_TIM_MspPostInit
    main.o(i.main) refers to stm32f0xx_hal_uart.o(i.HAL_UART_Init) for HAL_UART_Init
    main.o(i.main) refers to motorcontrol.o(i.MX_MotorControl_Init) for MX_MotorControl_Init
    main.o(i.main) refers to stm32f0xx_hal_cortex.o(i.HAL_NVIC_SetPriority) for HAL_NVIC_SetPriority
    main.o(i.main) refers to stm32f0xx_hal_cortex.o(i.HAL_NVIC_EnableIRQ) for HAL_NVIC_EnableIRQ
    main.o(i.main) refers to mc_api.o(i.MC_ProgramSpeedRampMotor1) for MC_ProgramSpeedRampMotor1
    main.o(i.main) refers to mc_api.o(i.MC_StartMotor1) for MC_StartMotor1
    main.o(i.main) refers to mc_api.o(i.MC_GetMecSpeedAverageMotor1) for MC_GetMecSpeedAverageMotor1
    main.o(i.main) refers to mc_api.o(i.MC_GetIqdrefMotor1) for MC_GetIqdrefMotor1
    main.o(i.main) refers to mc_api.o(i.MC_GetIqdMotor1) for MC_GetIqdMotor1
    main.o(i.main) refers to mc_api.o(i.MC_GetIabMotor1) for MC_GetIabMotor1
    main.o(i.main) refers to stm32f0xx_hal.o(i.HAL_Delay) for HAL_Delay
    main.o(i.main) refers to main.o(.bss) for .bss
    main.o(i.main) refers to main.o(.data) for .data
    motorcontrol.o(i.MX_MotorControl_Init) refers to stm32f0xx_hal_rcc.o(i.HAL_RCC_GetHCLKFreq) for HAL_RCC_GetHCLKFreq
    motorcontrol.o(i.MX_MotorControl_Init) refers to uidiv.o(.text) for __aeabi_uidivmod
    motorcontrol.o(i.MX_MotorControl_Init) refers to stm32f0xx_hal_cortex.o(i.HAL_SYSTICK_Config) for HAL_SYSTICK_Config
    motorcontrol.o(i.MX_MotorControl_Init) refers to mc_tasks.o(i.MCboot) for MCboot
    motorcontrol.o(i.MX_MotorControl_Init) refers to mc_tasks.o(i.mc_lock_pins) for mc_lock_pins
    motorcontrol.o(i.MX_MotorControl_Init) refers to ui_task.o(i.UI_TaskInit) for UI_TaskInit
    motorcontrol.o(i.MX_MotorControl_Init) refers to motorcontrol.o(.data) for .data
[...]
    i.STO_OTF_ResetPLL                       0x08003e90   Section        0  sto_pll_speed_pos_fdbk.o(i.STO_OTF_ResetPLL)
    i.STO_PLL_CalcAvrgElSpeedDpp             0x08003e9e   Section        0  sto_pll_speed_pos_fdbk.o(i.STO_PLL_CalcAvrgElSpeedDpp)
    i.STO_PLL_CalcAvrgMecSpeed01Hz           0x08003eea   Section        0  sto_pll_speed_pos_fdbk.o(i.STO_PLL_CalcAvrgMecSpeed01Hz)
    i.STO_PLL_CalcElAngle                    0x080040be   Section        0  sto_pll_speed_pos_fdbk.o(i.STO_PLL_CalcElAngle)
    i.STO_PLL_Clear                          0x0800427e   Section        0  sto_pll_speed_pos_fdbk.o(i.STO_PLL_Clear)
    i.STO_PLL_ForceConvergency1              0x080042ec   Section        0  sto_pll_speed_pos_fdbk.o(i.STO_PLL_ForceConvergency1)
    i.STO_PLL_ForceConvergency2              0x080042f8   Section        0  sto_pll_speed_pos_fdbk.o(i.STO_PLL_ForceConvergency2)
    i.STO_PLL_GetEstimatedBemf               0x08004304   Section        0  sto_pll_speed_pos_fdbk.o(i.STO_PLL_GetEstimatedBemf)
    i.STO_PLL_GetEstimatedBemfLevel          0x08004314   Section        0  sto_pll_speed_pos_fdbk.o(i.STO_PLL_GetEstimatedBemfLevel)
    i.STO_PLL_GetEstimatedCurrent            0x0800431a   Section        0  sto_pll_speed_pos_fdbk.o(i.STO_PLL_GetEstimatedCurrent)
    i.STO_PLL_GetObservedBemfLevel           0x08004332   Section        0  sto_pll_speed_pos_fdbk.o(i.STO_PLL_GetObservedBemfLevel)
    i.STO_PLL_GetObserverGains               0x08004338   Section        0  sto_pll_speed_pos_fdbk.o(i.STO_PLL_GetObserverGains)
    i.STO_PLL_Init                           0x08004344   Section        0  sto_pll_speed_pos_fdbk.o(i.STO_PLL_Init)
    i.STO_PLL_IsObserverConverged            0x08004414   Section        0  sto_pll_speed_pos_fdbk.o(i.STO_PLL_IsObserverConverged)
    i.STO_PLL_IsVarianceTight                0x080044a2   Section        0  sto_pll_speed_pos_fdbk.o(i.STO_PLL_IsVarianceTight)
    i.STO_PLL_SetObserverGains               0x080044aa   Section        0  sto_pll_speed_pos_fdbk.o(i.STO_PLL_SetObserverGains)
    i.STO_ResetPLL                           0x080044b0   Section        0  sto_pll_speed_pos_fdbk.o(i.STO_ResetPLL)
    i.STO_SetPLLGains                        0x080044bc   Section        0  sto_pll_speed_pos_fdbk.o(i.STO_SetPLLGains)
    i.SysTick_Handler                        0x080044d4   Section        0  stm32f0xx_mc_it.o(i.SysTick_Handler)
    i.SystemClock_Config                     0x080044fc   Section        0  main.o(i.SystemClock_Config)
    i.SystemInit                             0x0800457c   Section        0  system_stm32f0xx.o(i.SystemInit)
    i.TB_Scheduler                           0x080045d8   Section        0  timebase.o(i.TB_Scheduler)
    i.TIM1_BRK_UP_TRG_COM_IRQHandler         0x08004614   Section        0  stm32f0xx_mc_it.o(i.TIM1_BRK_UP_TRG_COM_IRQHandler)
    i.TIM_Base_SetConfig                     0x0800465c   Section        0  stm32f0xx_hal_tim.o(i.TIM_Base_SetConfig)
    i.TIM_OC1_SetConfig                      0x080046e4   Section        0  stm32f0xx_hal_tim.o(i.TIM_OC1_SetConfig)
    TIM_OC1_SetConfig                        0x080046e5   Thumb Code   110  stm32f0xx_hal_tim.o(i.TIM_OC1_SetConfig)
    i.TIM_OC2_SetConfig                      0x08004760   Section        0  stm32f0xx_hal_tim.o(i.TIM_OC2_SetConfig)
    i.TSK_HighFrequencyTask                  0x080047d8   Section        0  mc_tasks.o(i.TSK_HighFrequencyTask)
    i.TSK_SafetyTask                         0x0800494c   Section        0  mc_tasks.o(i.TSK_SafetyTask)
    i.UART_AdvFeatureConfig                  0x080049d0   Section        0  stm32f0xx_hal_uart.o(i.UART_AdvFeatureConfig)
    i.UART_CheckIdleState                    0x08004a9c   Section        0  stm32f0xx_hal_uart.o(i.UART_CheckIdleState)
    i.UART_SetConfig                         0x08004b04   Section        0  stm32f0xx_hal_uart.o(i.UART_SetConfig)
    i.UART_WaitOnFlagUntilTimeout            0x08004c60   Section        0  stm32f0xx_hal_uart.o(i.UART_WaitOnFlagUntilTimeout)
    i.UFCP_AbortReceive                      0x08004cd8   Section        0  usart_frame_communication_protocol.o(i.UFCP_AbortReceive)
    i.UFCP_Init                              0x08004ce2   Section        0  usart_frame_communication_protocol.o(i.UFCP_Init)
    i.UFCP_OVR_IRQ_Handler                   0x08004cea   Section        0  usart_frame_communication_protocol.o(i.UFCP_OVR_IRQ_Handler)
    i.UFCP_RX_IRQ_Handler                    0x08004cfc   Section        0  usart_frame_communication_protocol.o(i.UFCP_RX_IRQ_Handler)
    i.UFCP_Receive                           0x08004d98   Section        0  usart_frame_communication_protocol.o(i.UFCP_Receive)
    i.UFCP_Send                              0x08004dbc   Section        0  usart_frame_communication_protocol.o(i.UFCP_Send)
    i.UFCP_TX_IRQ_Handler                    0x08004e2e   Section        0  usart_frame_communication_protocol.o(i.UFCP_TX_IRQ_Handler)
    i.UI_ExecCmd                             0x08004e90   Section        0  user_interface.o(i.UI_ExecCmd)
    i.UI_ExecSpeedRamp                       0x08004f04   Section        0  user_interface.o(i.UI_ExecSpeedRamp)
    i.UI_GetMPInfo                           0x08004f28   Section        0  user_interface.o(i.UI_GetMPInfo)
    i.UI_GetReg                              0x08004f2c   Section        0  user_interface.o(i.UI_GetReg)
    i.UI_GetRevupData                        0x08005328   Section        0  user_interface.o(i.UI_GetRevupData)
    i.UI_Init                                0x0800536a   Section        0  user_interface.o(i.UI_Init)
    i.UI_Scheduler                           0x08005380   Section        0  ui_task.o(i.UI_Scheduler)
    i.UI_SerialCommunicationTimeOutStart     0x080053ac   Section        0  ui_task.o(i.UI_SerialCommunicationTimeOutStart)
    i.UI_SerialCommunicationTimeOutStop      0x080053b8   Section        0  ui_task.o(i.UI_SerialCommunicationTimeOutStop)
    i.UI_SetCurrentReferences                0x080053c4   Section        0  user_interface.o(i.UI_SetCurrentReferences)
    i.UI_SetReg                              0x080053da   Section        0  user_interface.o(i.UI_SetReg)
    i.UI_SetRevupData                        0x08005606   Section        0  user_interface.o(i.UI_SetRevupData)
    i.UI_TaskInit                            0x08005638   Section        0  ui_task.o(i.UI_TaskInit)
    i.USART1_IRQHandler                      0x080056a0   Section        0  stm32f0xx_mc_it.o(i.USART1_IRQHandler)
    i.VBS_GetAvBusVoltage_V                  0x08005704   Section        0  bus_voltage_sensor.o(i.VBS_GetAvBusVoltage_V)
    i.VBS_GetAvBusVoltage_d                  0x0800570e   Section        0  bus_voltage_sensor.o(i.VBS_GetAvBusVoltage_d)
    i.VSS_CalcAvrgMecSpeed01Hz               0x08005712   Section        0  virtual_speed_sensor.o(i.VSS_CalcAvrgMecSpeed01Hz)
    i.VSS_CalcElAngle                        0x08005790   Section        0  virtual_speed_sensor.o(i.VSS_CalcElAngle)
    i.VSS_Clear                              0x0800583e   Section        0  virtual_speed_sensor.o(i.VSS_Clear)
    i.VSS_Init                               0x08005866   Section        0  virtual_speed_sensor.o(i.VSS_Init)
    i.VSS_IsTransitionOngoing                0x0800588e   Section        0  virtual_speed_sensor.o(i.VSS_IsTransitionOngoing)
    i.VSS_SetCopyObserver                    0x080058b4   Section        0  virtual_speed_sensor.o(i.VSS_SetCopyObserver)
    i.VSS_SetMecAcceleration                 0x080058bc   Section        0  virtual_speed_sensor.o(i.VSS_SetMecAcceleration)
    i.VSS_SetMecAngle                        0x08005940   Section        0  virtual_speed_sensor.o(i.VSS_SetMecAngle)
    i.VSS_SetStartTransition                 0x08005956   Section        0  virtual_speed_sensor.o(i.VSS_SetStartTransition)
    i.VVBS_Init                              0x0800597a   Section        0  virtual_bus_voltage_sensor.o(i.VVBS_Init)
    i._Error_Handler                         0x08005986   Section        0  main.o(i._Error_Handler)
    i.__scatterload_copy                     0x08005988   Section       14  handlers.o(i.__scatterload_copy)
    i.__scatterload_null                     0x08005996   Section        2  handlers.o(i.__scatterload_null)
    i.__scatterload_zeroinit                 0x08005998   Section       14  handlers.o(i.__scatterload_zeroinit)
    i.main                                   0x080059a8   Section        0  main.o(i.main)
    i.mc_lock_pins                           0x08005c38   Section        0  mc_tasks.o(i.mc_lock_pins)
    .constdata                               0x08005cd8   Section       32  motorcontrol.o(.constdata)
    .constdata                               0x08005cf8   Section       44  mc_parameters.o(.constdata)
    .constdata                               0x08005d24   Section       16  system_stm32f0xx.o(.constdata)
    .constdata                               0x08005d34   Section        8  system_stm32f0xx.o(.constdata)
    .constdata                               0x08005d3c   Section      512  mc_math.o(.constdata)
    .constdata                               0x08005f3c   Section       19  r3_f0xx_pwm_curr_fdbk.o(.constdata)
    CHANNEL_OFFSET_TAB                       0x08005f3c   Data           5  r3_f0xx_pwm_curr_fdbk.o(.constdata)
    OFFSET_TAB_CCMRx                         0x08005f41   Data           7  r3_f0xx_pwm_curr_fdbk.o(.constdata)
    SHIFT_TAB_OCxx                           0x08005f48   Data           7  r3_f0xx_pwm_curr_fdbk.o(.constdata)
    .constdata                               0x08005f50   Section        6  usart_frame_communication_protocol.o(.constdata)
    UFCP_Usart_Timeout_none                  0x08005f50   Data           2  usart_frame_communication_protocol.o(.constdata)
    UFCP_Usart_Timeout_start                 0x08005f52   Data           2  usart_frame_communication_protocol.o(.constdata)
    UFCP_Usart_Timeout_stop                  0x08005f54   Data           2  usart_frame_communication_protocol.o(.constdata)
    .data                                    0x20000000   Section       28  main.o(.data)
    .data                                    0x2000001c   Section       12  motorcontrol.o(.data)
    .data                                    0x20000028   Section        8  motor_control_protocol.o(.data)
    .data                                    0x20000030   Section      276  mc_config.o(.data)
    .data                                    0x20000144   Section       44  mc_config.o(.data)
    .data                                    0x20000170   Section       44  mc_config.o(.data)
    .data                                    0x2000019c   Section       44  mc_config.o(.data)
    .data                                    0x200001c8   Section       52  mc_config.o(.data)
    .data                                    0x200001fc   Section      120  mc_config.o(.data)
    .data                                    0x20000274   Section      224  mc_config.o(.data)
    .data                                    0x20000354   Section       48  mc_config.o(.data)
    .data                                    0x20000384   Section      284  mc_config.o(.data)
    .data                                    0x200004a0   Section       20  mc_config.o(.data)
    .data                                    0x200004b4   Section       40  mc_config.o(.data)
    .data                                    0x200004dc   Section       12  mc_config.o(.data)
    .data                                    0x200004e8   Section       20  mc_config.o(.data)
    .data                                    0x200004fc   Section      178  mc_config.o(.data)
    .data                                    0x200005b0   Section      316  mc_config.o(.data)
    .data                                    0x200006ec   Section       62  mc_tasks.o(.data)
    UDC_Channel                              0x200006ec   Data           1  mc_tasks.o(.data)
    UDC_State                                0x200006ed   Data           1  mc_tasks.o(.data)
    SWO_transitionStartM1                    0x200006ee   Data           1  mc_tasks.o(.data)
    hMFTaskCounterM1                         0x200006f0   Data           2  mc_tasks.o(.data)
    hBootCapDelayCounterM1                   0x200006f2   Data           2  mc_tasks.o(.data)
    hStopPermanencyCounterM1                 0x200006f4   Data           2  mc_tasks.o(.data)
    UDC_ConvertedValue                       0x200006f6   Data           2  mc_tasks.o(.data)
    .data                                    0x2000072a   Section        1  stm32f0xx_mc_it.o(.data)
    SystickDividerCounter                    0x2000072a   Data           1  stm32f0xx_mc_it.o(.data)
    .data                                    0x2000072c   Section       16  ui_task.o(.data)
    bCOMATRTimeCounter                       0x2000072c   Data           2  ui_task.o(.data)
    bUITaskCounter                           0x2000072e   Data           2  ui_task.o(.data)
    bCOMTimeoutCounter                       0x20000730   Data           2  ui_task.o(.data)
    .data                                    0x2000073c   Section        4  stm32f0xx_hal.o(.data)
    .data                                    0x20000740   Section        4  system_stm32f0xx.o(.data)
    .data                                    0x20000744   Section        4  timebase.o(.data)
    hKey_debounce_500us                      0x20000744   Data           2  timebase.o(.data)
    bUDTBTaskCounter                         0x20000746   Data           2  timebase.o(.data)
    .bss                                     0x20000748   Section      252  main.o(.bss)
    .bss                                     0x20000844   Section       68  main.o(.bss)
    .bss                                     0x20000888   Section       24  mc_config.o(.bss)
    .bss                                     0x200008a0   Section      148  mc_tasks.o(.bss)
    .bss                                     0x20000934   Section      180  ui_task.o(.bss)
    STACK                                    0x200009e8   Section     1024  startup_stm32f031x6.o(STACK)

    Global Symbols

    Symbol Name                              Value     Ov Type        Size  Object(Section)

    BuildAttributes$$THM_ISAv3M$S$PE$A:L22$X:L11$S22$IEEE1$IW$USESV6$~STKCKD$USESV7$~SHL$OTIME$EBA8$MICROLIB$REQ8$PRES8$EABIv2 0x00000000   Number         0  anon$$obj.o ABSOLUTE
    __ARM_use_no_argv                        0x00000000   Number         0  main.o ABSOLUTE
    __cpp_initialize__aeabi_                  - Undefined Weak Reference
    __cxa_finalize                            - Undefined Weak Reference
    _clock_init                               - Undefined Weak Reference
    _microlib_exit                            - Undefined Weak Reference
    __Vectors_Size                           0x000000b0   Number         0  startup_stm32f031x6.o ABSOLUTE
    __Vectors                                0x08000000   Data           4  startup_stm32f031x6.o(RESET)
    __Vectors_End                            0x080000b0   Data           0  startup_stm32f031x6.o(RESET)
    __main                                   0x080000b1   Thumb Code     0  entry.o(.ARM.Collect$$$$00000000)
    _main_stk                                0x080000b1   Thumb Code     0  entry2.o(.ARM.Collect$$$$00000001)
    _main_scatterload                        0x080000b5   Thumb Code     0  entry5.o(.ARM.Collect$$$$00000004)
    __main_after_scatterload                 0x080000b9   Thumb Code     0  entry5.o(.ARM.Collect$$$$00000004)
    _main_clock                              0x080000b9   Thumb Code     0  entry7b.o(.ARM.Collect$$$$00000008)
    _main_cpp_init                           0x080000b9   Thumb Code     0  entry8b.o(.ARM.Collect$$$$0000000A)
    _main_init                               0x080000b9   Thumb Code     0  entry9a.o(.ARM.Collect$$$$0000000B)
    __rt_final_cpp                           0x080000c1   Thumb Code     0  entry10a.o(.ARM.Collect$$$$0000000D)
    __rt_final_exit                          0x080000c1   Thumb Code     0  entry11a.o(.ARM.Collect$$$$0000000F)
    Reset_Handler                            0x080000c5   Thumb Code     8  startup_stm32f031x6.o(.text)
    NMI_Handler                              0x080000cd   Thumb Code     2  startup_stm32f031x6.o(.text)
    HardFault_Handler                        0x080000cf   Thumb Code     2  startup_stm32f031x6.o(.text)
    SVC_Handler                              0x080000d1   Thumb Code     2  startup_stm32f031x6.o(.text)
    PendSV_Handler                           0x080000d3   Thumb Code     2  startup_stm32f031x6.o(.text)
    ADC1_IRQHandler                          0x080000d7   Thumb Code     0  startup_stm32f031x6.o(.text)
    DMA1_Channel2_3_IRQHandler               0x080000d7   Thumb Code     0  startup_stm32f031x6.o(.text)
    EXTI0_1_IRQHandler                       0x080000d7   Thumb Code     0  startup_stm32f031x6.o(.text)
    EXTI2_3_IRQHandler                       0x080000d7   Thumb Code     0  startup_stm32f031x6.o(.text)
    EXTI4_15_IRQHandler                      0x080000d7   Thumb Code     0  startup_stm32f031x6.o(.text)
    FLASH_IRQHandler                         0x080000d7   Thumb Code     0  startup_stm32f031x6.o(.text)
    I2C1_IRQHandler                          0x080000d7   Thumb Code     0  startup_stm32f031x6.o(.text)
    PVD_IRQHandler                           0x080000d7   Thumb Code     0  startup_stm32f031x6.o(.text)
    RCC_IRQHandler                           0x080000d7   Thumb Code     0  startup_stm32f031x6.o(.text)
    RTC_IRQHandler                           0x080000d7   Thumb Code     0  startup_stm32f031x6.o(.text)
    SPI1_IRQHandler                          0x080000d7   Thumb Code     0  startup_stm32f031x6.o(.text)
    TIM14_IRQHandler                         0x080000d7   Thumb Code     0  startup_stm32f031x6.o(.text)
    TIM16_IRQHandler                         0x080000d7   Thumb Code     0  startup_stm32f031x6.o(.text)
    TIM17_IRQHandler                         0x080000d7   Thumb Code     0  startup_stm32f031x6.o(.text)
    TIM1_CC_IRQHandler                       0x080000d7   Thumb Code     0  startup_stm32f031x6.o(.text)
    TIM2_IRQHandler                          0x080000d7   Thumb Code     0  startup_stm32f031x6.o(.text)
    TIM3_IRQHandler                          0x080000d7   Thumb Code     0  startup_stm32f031x6.o(.text)
    WWDG_IRQHandler                          0x080000d7   Thumb Code     0  startup_stm32f031x6.o(.text)
    __aeabi_uidiv                            0x080000e1   Thumb Code     0  uidiv.o(.text)
    __aeabi_uidivmod                         0x080000e1   Thumb Code    44  uidiv.o(.text)
    __aeabi_idiv                             0x0800010d   Thumb Code     0  idiv.o(.text)
    __aeabi_idivmod                          0x0800010d   Thumb Code    40  idiv.o(.text)
    __aeabi_memset                           0x08000135   Thumb Code    14  memseta.o(.text)
    __aeabi_memset4                          0x08000135   Thumb Code     0  memseta.o(.text)
    __aeabi_memset8                          0x08000135   Thumb Code     0  memseta.o(.text)
    __aeabi_memclr                           0x08000143   Thumb Code     4  memseta.o(.text)
    __aeabi_memclr4                          0x08000143   Thumb Code     0  memseta.o(.text)
    __aeabi_memclr8                          0x08000143   Thumb Code     0  memseta.o(.text)
    _memset$wrapper                          0x08000147   Thumb Code    18  memseta.o(.text)
    __scatterload                            0x08000159   Thumb Code    28  init.o(.text)
    __scatterload_rt2                        0x08000159   Thumb Code     0  init.o(.text)
    __decompress                             0x0800017d   Thumb Code     0  __dczerorl2.o(.text)
    __decompress1                            0x0800017d   Thumb Code    86  __dczerorl2.o(.text)
    Circle_Limitation                        0x080001d3   Thumb Code    76  circle_limitation.o(i.Circle_Limitation)
    DMA1_Channel1_IRQHandler                 0x08000221   Thumb Code    14  stm32f0xx_mc_it.o(i.DMA1_Channel1_IRQHandler)
    DMA1_Channel4_5_IRQHandler               0x08000235   Thumb Code    18  stm32f0xx_mc_it.o(i.DMA1_Channel4_5_IRQHandler)
    F0XX_BRK_IRQHandler                      0x0800024d   Thumb Code    40  r3_f0xx_pwm_curr_fdbk.o(i.F0XX_BRK_IRQHandler)
    FCP_CalcCRC                              0x08000275   Thumb Code    92  frame_communication_protocol.o(i.FCP_CalcCRC)
    FCP_Init                                 0x080002d1   Thumb Code    34  frame_communication_protocol.o(i.FCP_Init)
    FCP_SetClient                            0x080002f3   Thumb Code    16  frame_communication_protocol.o(i.FCP_SetClient)
    HAL_ADC_ConfigChannel                    0x08000369   Thumb Code   348  stm32f0xx_hal_adc.o(i.HAL_ADC_ConfigChannel)
    HAL_ADC_Init                             0x080004d9   Thumb Code   364  stm32f0xx_hal_adc.o(i.HAL_ADC_Init)
    HAL_ADC_MspInit                          0x0800064d   Thumb Code   122  stm32f0xx_hal_msp.o(i.HAL_ADC_MspInit)
    HAL_DMA_Init                             0x080006f9   Thumb Code   100  stm32f0xx_hal_dma.o(i.HAL_DMA_Init)
    HAL_Delay                                0x08000769   Thumb Code    28  stm32f0xx_hal.o(i.HAL_Delay)
    HAL_GPIO_Init                            0x08000785   Thumb Code   310  stm32f0xx_hal_gpio.o(i.HAL_GPIO_Init)
    HAL_GPIO_WritePin                        0x080008d1   Thumb Code    12  stm32f0xx_hal_gpio.o(i.HAL_GPIO_WritePin)
    HAL_GetTick                              0x080008dd   Thumb Code     6  stm32f0xx_hal.o(i.HAL_GetTick)
    HAL_IncTick                              0x080008e9   Thumb Code    10  stm32f0xx_hal.o(i.HAL_IncTick)
    HAL_Init                                 0x080008f9   Thumb Code    26  stm32f0xx_hal.o(i.HAL_Init)
    HAL_InitTick                             0x08000919   Thumb Code    34  stm32f0xx_hal.o(i.HAL_InitTick)
    HAL_MspInit                              0x0800093d   Thumb Code    64  stm32f0xx_hal_msp.o(i.HAL_MspInit)
    HAL_NVIC_EnableIRQ                       0x08000981   Thumb Code    14  stm32f0xx_hal_cortex.o(i.HAL_NVIC_EnableIRQ)
    HAL_NVIC_SetPriority                     0x08000995   Thumb Code    60  stm32f0xx_hal_cortex.o(i.HAL_NVIC_SetPriority)
    HAL_RCCEx_PeriphCLKConfig                0x080009d9   Thumb Code   238  stm32f0xx_hal_rcc_ex.o(i.HAL_RCCEx_PeriphCLKConfig)
    HAL_RCC_ClockConfig                      0x08000ad5   Thumb Code   396  stm32f0xx_hal_rcc.o(i.HAL_RCC_ClockConfig)
    HAL_RCC_EnableCSS                        0x08000c85   Thumb Code    14  stm32f0xx_hal_rcc.o(i.HAL_RCC_EnableCSS)
    HAL_RCC_GetHCLKFreq                      0x08000c99   Thumb Code     6  stm32f0xx_hal_rcc.o(i.HAL_RCC_GetHCLKFreq)
    HAL_RCC_GetPCLK1Freq                     0x08000ca5   Thumb Code    20  stm32f0xx_hal_rcc.o(i.HAL_RCC_GetPCLK1Freq)
    HAL_RCC_GetSysClockFreq                  0x08000cc5   Thumb Code    78  stm32f0xx_hal_rcc.o(i.HAL_RCC_GetSysClockFreq)
    HAL_RCC_OscConfig                        0x08000d41   Thumb Code   910  stm32f0xx_hal_rcc.o(i.HAL_RCC_OscConfig)
    HAL_SYSTICK_CLKSourceConfig              0x080010dd   Thumb Code    20  stm32f0xx_hal_cortex.o(i.HAL_SYSTICK_CLKSourceConfig)
    HAL_SYSTICK_Callback                     0x080010f5   Thumb Code     2  stm32f0xx_hal_cortex.o(i.HAL_SYSTICK_Callback)
    HAL_SYSTICK_Config                       0x080010f9   Thumb Code    46  stm32f0xx_hal_cortex.o(i.HAL_SYSTICK_Config)
    HAL_SYSTICK_IRQHandler                   0x08001135   Thumb Code     8  stm32f0xx_hal_cortex.o(i.HAL_SYSTICK_IRQHandler)
    HAL_TIMEx_ConfigBreakDeadTime            0x0800113d   Thumb Code    96  stm32f0xx_hal_tim_ex.o(i.HAL_TIMEx_ConfigBreakDeadTime)
    HAL_TIMEx_MasterConfigSynchronization    0x0800119d   Thumb Code    74  stm32f0xx_hal_tim_ex.o(i.HAL_TIMEx_MasterConfigSynchronization)
    HAL_TIM_MspPostInit                      0x080011e9   Thumb Code    66  stm32f0xx_hal_msp.o(i.HAL_TIM_MspPostInit)
    HAL_TIM_PWM_ConfigChannel                0x08001235   Thumb Code   392  stm32f0xx_hal_tim.o(i.HAL_TIM_PWM_ConfigChannel)
    HAL_TIM_PWM_Init                         0x080013c9   Thumb Code    50  stm32f0xx_hal_tim.o(i.HAL_TIM_PWM_Init)
    HAL_TIM_PWM_MspInit                      0x080013fd   Thumb Code    30  stm32f0xx_hal_msp.o(i.HAL_TIM_PWM_MspInit)
    HAL_UART_Init                            0x08001425   Thumb Code   106  stm32f0xx_hal_uart.o(i.HAL_UART_Init)
    HAL_UART_MspInit                         0x08001491   Thumb Code    62  stm32f0xx_hal_msp.o(i.HAL_UART_MspInit)
    MCI_Clear_Iqdref                         0x080014d9   Thumb Code    20  mc_interface.o(i.MCI_Clear_Iqdref)
    MCI_EncoderAlign                         0x080014ed   Thumb Code    12  mc_interface.o(i.MCI_EncoderAlign)
    MCI_ExecBufferedCommands                 0x080014f9   Thumb Code   122  mc_interface.o(i.MCI_ExecBufferedCommands)
    MCI_ExecSpeedRamp                        0x08001573   Thumb Code    14  mc_interface.o(i.MCI_ExecSpeedRamp)
    MCI_ExecTorqueRamp                       0x08001581   Thumb Code    18  mc_interface.o(i.MCI_ExecTorqueRamp)
    MCI_FaultAcknowledged                    0x08001593   Thumb Code    10  mc_interface.o(i.MCI_FaultAcknowledged)
    MCI_GetAvrgMecSpeed01Hz                  0x0800159d   Thumb Code    14  mc_interface.o(i.MCI_GetAvrgMecSpeed01Hz)
    MCI_GetControlMode                       0x080015ab   Thumb Code     4  mc_interface.o(i.MCI_GetControlMode)
    MCI_GetIab                               0x080015af   Thumb Code    16  mc_interface.o(i.MCI_GetIab)
    MCI_GetIalphabeta                        0x080015bf   Thumb Code    16  mc_interface.o(i.MCI_GetIalphabeta)
    MCI_GetImposedMotorDirection             0x080015cf   Thumb Code    52  mc_interface.o(i.MCI_GetImposedMotorDirection)
    MCI_GetIqd                               0x08001603   Thumb Code    16  mc_interface.o(i.MCI_GetIqd)
    MCI_GetIqdref                            0x08001613   Thumb Code    16  mc_interface.o(i.MCI_GetIqdref)
    MCI_GetLastRampFinalSpeed                0x08001623   Thumb Code    16  mc_interface.o(i.MCI_GetLastRampFinalSpeed)
    MCI_GetMecSpeedRef01Hz                   0x08001633   Thumb Code    10  mc_interface.o(i.MCI_GetMecSpeedRef01Hz)
    MCI_GetSTMState                          0x0800163d   Thumb Code    10  mc_interface.o(i.MCI_GetSTMState)
    MCI_GetTeref                             0x08001647   Thumb Code     8  mc_interface.o(i.MCI_GetTeref)
    MCI_GetValphabeta                        0x0800164f   Thumb Code    16  mc_interface.o(i.MCI_GetValphabeta)
    MCI_GetVqd                               0x0800165f   Thumb Code    16  mc_interface.o(i.MCI_GetVqd)
    MCI_Init                                 0x0800166f   Thumb Code    20  mc_interface.o(i.MCI_Init)
    MCI_SetCurrentReferences                 0x08001683   Thumb Code    20  mc_interface.o(i.MCI_SetCurrentReferences)
    MCI_SetIdref                             0x08001697   Thumb Code    10  mc_interface.o(i.MCI_SetIdref)
    MCI_StartMotor                           0x080016a1   Thumb Code    22  mc_interface.o(i.MCI_StartMotor)
    MCI_StopMotor                            0x080016b7   Thumb Code    12  mc_interface.o(i.MCI_StopMotor)
    MCI_StopSpeedRamp                        0x080016c3   Thumb Code    10  mc_interface.o(i.MCI_StopSpeedRamp)
    MCM_Clarke                               0x080016cd   Thumb Code    62  mc_math.o(i.MCM_Clarke)
    MCM_Park                                 0x08001719   Thumb Code   112  mc_math.o(i.MCM_Park)
    MCM_Rev_Park                             0x08001799   Thumb Code    48  mc_math.o(i.MCM_Rev_Park)
    MCM_Trig_Functions                       0x080017c9   Thumb Code   156  mc_math.o(i.MCM_Trig_Functions)
    MCP_Init                                 0x08001869   Thumb Code    68  motor_control_protocol.o(i.MCP_Init)
    MCP_OnTimeOut                            0x080018b9   Thumb Code    24  motor_control_protocol.o(i.MCP_OnTimeOut)
    MCP_ReceivedFrame                        0x080018d1   Thumb Code  1538  motor_control_protocol.o(i.MCP_ReceivedFrame)
    MCP_SentFrame                            0x08001ed9   Thumb Code    24  motor_control_protocol.o(i.MCP_SentFrame)
    MC_GetIabMotor1                          0x08001ef1   Thumb Code    12  mc_api.o(i.MC_GetIabMotor1)
    MC_GetIqdMotor1                          0x08001f01   Thumb Code    12  mc_api.o(i.MC_GetIqdMotor1)
    MC_GetIqdrefMotor1                       0x08001f11   Thumb Code    12  mc_api.o(i.MC_GetIqdrefMotor1)
    MC_GetMecSpeedAverageMotor1              0x08001f21   Thumb Code    12  mc_api.o(i.MC_GetMecSpeedAverageMotor1)
    MC_ProgramSpeedRampMotor1                0x08001f31   Thumb Code    18  mc_api.o(i.MC_ProgramSpeedRampMotor1)
    MC_Scheduler                             0x08001f49   Thumb Code   620  mc_tasks.o(i.MC_Scheduler)
    MC_StartMotor1                           0x080021e9   Thumb Code    12  mc_api.o(i.MC_StartMotor1)
    MCboot                                   0x080021f9   Thumb Code   334  mc_tasks.o(i.MCboot)
    MPM_CalcElMotorPower                     0x080023c1   Thumb Code    92  motor_power_measurement.o(i.MPM_CalcElMotorPower)
    MPM_Clear                                0x0800241d   Thumb Code    24  motor_power_measurement.o(i.MPM_Clear)
    MPM_GetAvrgElMotorPowerW                 0x08002435   Thumb Code     8  motor_power_measurement.o(i.MPM_GetAvrgElMotorPowerW)
    MX_MotorControl_Init                     0x0800243d   Thumb Code    48  motorcontrol.o(i.MX_MotorControl_Init)
    NTC_CalcAvTemp                           0x0800247d   Thumb Code    80  ntc_temperature_sensor.o(i.NTC_CalcAvTemp)
    NTC_GetAvTemp_C                          0x080024d1   Thumb Code    38  ntc_temperature_sensor.o(i.NTC_GetAvTemp_C)
    NTC_Init                                 0x080024f7   Thumb Code    22  ntc_temperature_sensor.o(i.NTC_Init)
    PID_GetKD                                0x0800250d   Thumb Code     8  pid_regulator.o(i.PID_GetKD)
    PID_GetKI                                0x08002515   Thumb Code     8  pid_regulator.o(i.PID_GetKI)
    PID_GetKIDivisor                         0x0800251d   Thumb Code     4  pid_regulator.o(i.PID_GetKIDivisor)
    PID_GetKP                                0x08002521   Thumb Code     8  pid_regulator.o(i.PID_GetKP)
    PID_GetKPDivisor                         0x08002529   Thumb Code     4  pid_regulator.o(i.PID_GetKPDivisor)
    PID_HandleInit                           0x0800252d   Thumb Code    20  pid_regulator.o(i.PID_HandleInit)
    PID_SetIntegralTerm                      0x08002541   Thumb Code     4  pid_regulator.o(i.PID_SetIntegralTerm)
    PID_SetKD                                0x08002545   Thumb Code     4  pid_regulator.o(i.PID_SetKD)
    PID_SetKI                                0x08002549   Thumb Code     4  pid_regulator.o(i.PID_SetKI)
    PID_SetKP                                0x0800254d   Thumb Code     4  pid_regulator.o(i.PID_SetKP)
    PI_Controller                            0x08002551   Thumb Code   122  pid_regulator.o(i.PI_Controller)
    PQD_CalcElMotorPower                     0x080025d5   Thumb Code   104  pqd_motor_power_measurement.o(i.PQD_CalcElMotorPower)
    PWMC_CheckOverCurrent                    0x0800263d   Thumb Code     4  pwm_curr_fdbk.o(i.PWMC_CheckOverCurrent)
    PWMC_CurrentReadingCalibr                0x08002641   Thumb Code    66  pwm_curr_fdbk.o(i.PWMC_CurrentReadingCalibr)
    PWMC_ExecRegularConv                     0x08002683   Thumb Code     4  pwm_curr_fdbk.o(i.PWMC_ExecRegularConv)
    PWMC_GetPhaseCurrents                    0x08002687   Thumb Code     4  pwm_curr_fdbk.o(i.PWMC_GetPhaseCurrents)
    PWMC_SetPhaseVoltage                     0x0800268b   Thumb Code   378  pwm_curr_fdbk.o(i.PWMC_SetPhaseVoltage)
    PWMC_SwitchOffPWM                        0x08002805   Thumb Code     4  pwm_curr_fdbk.o(i.PWMC_SwitchOffPWM)
    PWMC_SwitchOnPWM                         0x08002809   Thumb Code     4  pwm_curr_fdbk.o(i.PWMC_SwitchOnPWM)
    PWMC_TurnOnLowSides                      0x0800280d   Thumb Code     4  pwm_curr_fdbk.o(i.PWMC_TurnOnLowSides)
    R3F0XX_ADC_SetSamplingTime               0x08002879   Thumb Code    20  r3_f0xx_pwm_curr_fdbk.o(i.R3F0XX_ADC_SetSamplingTime)
    R3F0XX_CurrentReadingCalibration         0x0800288d   Thumb Code   432  r3_f0xx_pwm_curr_fdbk.o(i.R3F0XX_CurrentReadingCalibration)
    R3F0XX_ExecRegularConv                   0x08002a81   Thumb Code   154  r3_f0xx_pwm_curr_fdbk.o(i.R3F0XX_ExecRegularConv)
    R3F0XX_GetPhaseCurrents                  0x08002b29   Thumb Code   368  r3_f0xx_pwm_curr_fdbk.o(i.R3F0XX_GetPhaseCurrents)
    R3F0XX_Init                              0x08002d65   Thumb Code   260  r3_f0xx_pwm_curr_fdbk.o(i.R3F0XX_Init)
    R3F0XX_IsOverCurrentOccurred             0x08002e99   Thumb Code    32  r3_f0xx_pwm_curr_fdbk.o(i.R3F0XX_IsOverCurrentOccurred)
    R3F0XX_SetADCSampPointCalibration        0x08002eb9   Thumb Code   142  r3_f0xx_pwm_curr_fdbk.o(i.R3F0XX_SetADCSampPointCalibration)
    R3F0XX_SetADCSampPointSect1              0x08002f55   Thumb Code   196  r3_f0xx_pwm_curr_fdbk.o(i.R3F0XX_SetADCSampPointSect1)
    R3F0XX_SetADCSampPointSect2              0x08003025   Thumb Code   196  r3_f0xx_pwm_curr_fdbk.o(i.R3F0XX_SetADCSampPointSect2)
    R3F0XX_SetADCSampPointSect3              0x080030f5   Thumb Code   196  r3_f0xx_pwm_curr_fdbk.o(i.R3F0XX_SetADCSampPointSect3)
    R3F0XX_SetADCSampPointSect4              0x080031c5   Thumb Code   110  r3_f0xx_pwm_curr_fdbk.o(i.R3F0XX_SetADCSampPointSect4)
    R3F0XX_SetADCSampPointSect5              0x0800323d   Thumb Code   110  r3_f0xx_pwm_curr_fdbk.o(i.R3F0XX_SetADCSampPointSect5)
    R3F0XX_SetADCSampPointSect6              0x080032b5   Thumb Code   196  r3_f0xx_pwm_curr_fdbk.o(i.R3F0XX_SetADCSampPointSect6)
    R3F0XX_SwitchOffPWM                      0x08003385   Thumb Code   116  r3_f0xx_pwm_curr_fdbk.o(i.R3F0XX_SwitchOffPWM)
    R3F0XX_SwitchOnPWM                       0x0800340d   Thumb Code   438  r3_f0xx_pwm_curr_fdbk.o(i.R3F0XX_SwitchOnPWM)
    R3F0XX_TurnOnLowSides                    0x080035dd   Thumb Code    72  r3_f0xx_pwm_curr_fdbk.o(i.R3F0XX_TurnOnLowSides)
    REMNG_Calc                               0x080036d1   Thumb Code    44  ramp_ext_mngr.o(i.REMNG_Calc)
    REMNG_ExecRamp                           0x080036fd   Thumb Code   246  ramp_ext_mngr.o(i.REMNG_ExecRamp)
    REMNG_Init                               0x080037f3   Thumb Code    16  ramp_ext_mngr.o(i.REMNG_Init)
    REMNG_RampCompleted                      0x08003803   Thumb Code    14  ramp_ext_mngr.o(i.REMNG_RampCompleted)
    RUC_Clear                                0x08003811   Thumb Code   130  revup_ctrl.o(i.RUC_Clear)
    RUC_FirstAccelerationStageReached        0x08003893   Thumb Code    18  revup_ctrl.o(i.RUC_FirstAccelerationStageReached)
    RUC_GetNumberOfPhases                    0x080038a5   Thumb Code     6  revup_ctrl.o(i.RUC_GetNumberOfPhases)
    RUC_GetPhaseDurationms                   0x080038ab   Thumb Code    10  revup_ctrl.o(i.RUC_GetPhaseDurationms)
    RUC_GetPhaseFinalMecSpeed01Hz            0x080038b5   Thumb Code    12  revup_ctrl.o(i.RUC_GetPhaseFinalMecSpeed01Hz)
    RUC_GetPhaseFinalTorque                  0x080038c1   Thumb Code    12  revup_ctrl.o(i.RUC_GetPhaseFinalTorque)
    RUC_Get_SCLowsideOTF_Status              0x080038cd   Thumb Code     6  revup_ctrl.o(i.RUC_Get_SCLowsideOTF_Status)
    RUC_Init                                 0x080038d3   Thumb Code    72  revup_ctrl.o(i.RUC_Init)
    RUC_OTF_Exec                             0x0800391b   Thumb Code   462  revup_ctrl.o(i.RUC_OTF_Exec)
    RUC_SetPhaseDurationms                   0x08003ae9   Thumb Code    10  revup_ctrl.o(i.RUC_SetPhaseDurationms)
    RUC_SetPhaseFinalMecSpeed01Hz            0x08003af3   Thumb Code    10  revup_ctrl.o(i.RUC_SetPhaseFinalMecSpeed01Hz)
    RUC_SetPhaseFinalTorque                  0x08003afd   Thumb Code    10  revup_ctrl.o(i.RUC_SetPhaseFinalTorque)
    SPD_GetAvrgMecSpeed01Hz                  0x08003b07   Thumb Code     8  speed_pos_fdbk.o(i.SPD_GetAvrgMecSpeed01Hz)
    SPD_GetElAngle                           0x08003b0f   Thumb Code     8  speed_pos_fdbk.o(i.SPD_GetElAngle)
    SPD_GetS16Speed                          0x08003b17   Thumb Code    24  speed_pos_fdbk.o(i.SPD_GetS16Speed)
    SPD_IsMecSpeedReliable                   0x08003b2f   Thumb Code    96  speed_pos_fdbk.o(i.SPD_IsMecSpeedReliable)
    STC_CalcTorqueReference                  0x08003b8f   Thumb Code    90  speed_torq_ctrl.o(i.STC_CalcTorqueReference)
    STC_Clear                                0x08003be9   Thumb Code    20  speed_torq_ctrl.o(i.STC_Clear)
    STC_ExecRamp                             0x08003bfd   Thumb Code   146  speed_torq_ctrl.o(i.STC_ExecRamp)
    STC_ForceSpeedReferenceToCurrentSpeed    0x08003c8f   Thumb Code    16  speed_torq_ctrl.o(i.STC_ForceSpeedReferenceToCurrentSpeed)
    STC_GetDefaultIqdref                     0x08003c9f   Thumb Code    14  speed_torq_ctrl.o(i.STC_GetDefaultIqdref)
    STC_GetMaxAppPositiveMecSpeed01Hz        0x08003cad   Thumb Code     4  speed_torq_ctrl.o(i.STC_GetMaxAppPositiveMecSpeed01Hz)
    STC_GetMecSpeedRef01Hz                   0x08003cb1   Thumb Code    12  speed_torq_ctrl.o(i.STC_GetMecSpeedRef01Hz)
    STC_GetMecSpeedRef01HzDefault            0x08003cbd   Thumb Code     8  speed_torq_ctrl.o(i.STC_GetMecSpeedRef01HzDefault)
    STC_GetMinAppNegativeMecSpeed01Hz        0x08003cc5   Thumb Code     8  speed_torq_ctrl.o(i.STC_GetMinAppNegativeMecSpeed01Hz)
    STC_GetSpeedSensor                       0x08003ccd   Thumb Code     4  speed_torq_ctrl.o(i.STC_GetSpeedSensor)
    STC_Init                                 0x08003cd1   Thumb Code    32  speed_torq_ctrl.o(i.STC_Init)
    STC_SetControlMode                       0x08003cf1   Thumb Code     8  speed_torq_ctrl.o(i.STC_SetControlMode)
    STC_SetSpeedSensor                       0x08003cf9   Thumb Code     4  speed_torq_ctrl.o(i.STC_SetSpeedSensor)
    STC_StopSpeedRamp                        0x08003cfd   Thumb Code    16  speed_torq_ctrl.o(i.STC_StopSpeedRamp)
    STM_FaultAcknowledged                    0x08003d0d   Thumb Code    22  state_machine.o(i.STM_FaultAcknowledged)
    STM_FaultProcessing                      0x08003d23   Thumb Code    50  state_machine.o(i.STM_FaultProcessing)
    STM_GetFaultState                        0x08003d55   Thumb Code    10  state_machine.o(i.STM_GetFaultState)
    STM_GetState                             0x08003d5f   Thumb Code     4  state_machine.o(i.STM_GetState)
    STM_Init                                 0x08003d63   Thumb Code    10  state_machine.o(i.STM_Init)
    STM_NextState                            0x08003d6d   Thumb Code   266  state_machine.o(i.STM_NextState)
    STO_GetPLLGains                          0x08003e77   Thumb Code    26  sto_pll_speed_pos_fdbk.o(i.STO_GetPLLGains)
    STO_OTF_ResetPLL                         0x08003e91   Thumb Code    14  sto_pll_speed_pos_fdbk.o(i.STO_OTF_ResetPLL)
    STO_PLL_CalcAvrgElSpeedDpp               0x08003e9f   Thumb Code    76  sto_pll_speed_pos_fdbk.o(i.STO_PLL_CalcAvrgElSpeedDpp)
    STO_PLL_CalcAvrgMecSpeed01Hz             0x08003eeb   Thumb Code   468  sto_pll_speed_pos_fdbk.o(i.STO_PLL_CalcAvrgMecSpeed01Hz)
    STO_PLL_CalcElAngle                      0x080040bf   Thumb Code   448  sto_pll_speed_pos_fdbk.o(i.STO_PLL_CalcElAngle)
    STO_PLL_Clear                            0x0800427f   Thumb Code   110  sto_pll_speed_pos_fdbk.o(i.STO_PLL_Clear)
    STO_PLL_ForceConvergency1                0x080042ed   Thumb Code    12  sto_pll_speed_pos_fdbk.o(i.STO_PLL_ForceConvergency1)
    STO_PLL_ForceConvergency2                0x080042f9   Thumb Code    12  sto_pll_speed_pos_fdbk.o(i.STO_PLL_ForceConvergency2)
    STO_PLL_GetEstimatedBemf                 0x08004305   Thumb Code    16  sto_pll_speed_pos_fdbk.o(i.STO_PLL_GetEstimatedBemf)
    STO_PLL_GetEstimatedBemfLevel            0x08004315   Thumb Code     6  sto_pll_speed_pos_fdbk.o(i.STO_PLL_GetEstimatedBemfLevel)
    STO_PLL_GetEstimatedCurrent              0x0800431b   Thumb Code    24  sto_pll_speed_pos_fdbk.o(i.STO_PLL_GetEstimatedCurrent)
    STO_PLL_GetObservedBemfLevel             0x08004333   Thumb Code     6  sto_pll_speed_pos_fdbk.o(i.STO_PLL_GetObservedBemfLevel)
    STO_PLL_GetObserverGains                 0x08004339   Thumb Code    10  sto_pll_speed_pos_fdbk.o(i.STO_PLL_GetObserverGains)
    STO_PLL_Init                             0x08004345   Thumb Code   198  sto_pll_speed_pos_fdbk.o(i.STO_PLL_Init)
    STO_PLL_IsObserverConverged              0x08004415   Thumb Code   142  sto_pll_speed_pos_fdbk.o(i.STO_PLL_IsObserverConverged)
    STO_PLL_IsVarianceTight                  0x080044a3   Thumb Code     8  sto_pll_speed_pos_fdbk.o(i.STO_PLL_IsVarianceTight)
    STO_PLL_SetObserverGains                 0x080044ab   Thumb Code     6  sto_pll_speed_pos_fdbk.o(i.STO_PLL_SetObserverGains)
    STO_ResetPLL                             0x080044b1   Thumb Code    12  sto_pll_speed_pos_fdbk.o(i.STO_ResetPLL)
    STO_SetPLLGains                          0x080044bd   Thumb Code    22  sto_pll_speed_pos_fdbk.o(i.STO_SetPLLGains)
    SysTick_Handler                          0x080044d5   Thumb Code    34  stm32f0xx_mc_it.o(i.SysTick_Handler)
    SystemClock_Config                       0x080044fd   Thumb Code   128  main.o(i.SystemClock_Config)
    SystemInit                               0x0800457d   Thumb Code    78  system_stm32f0xx.o(i.SystemInit)
    TB_Scheduler                             0x080045d9   Thumb Code    52  timebase.o(i.TB_Scheduler)
    TIM1_BRK_UP_TRG_COM_IRQHandler           0x08004615   Thumb Code    64  stm32f0xx_mc_it.o(i.TIM1_BRK_UP_TRG_COM_IRQHandler)
    TIM_Base_SetConfig                       0x0800465d   Thumb Code   114  stm32f0xx_hal_tim.o(i.TIM_Base_SetConfig)
    TIM_OC2_SetConfig                        0x08004761   Thumb Code   106  stm32f0xx_hal_tim.o(i.TIM_OC2_SetConfig)
    TSK_HighFrequencyTask                    0x080047d9   Thumb Code   322  mc_tasks.o(i.TSK_HighFrequencyTask)
    TSK_SafetyTask                           0x0800494d   Thumb Code   112  mc_tasks.o(i.TSK_SafetyTask)
    UART_AdvFeatureConfig                    0x080049d1   Thumb Code   204  stm32f0xx_hal_uart.o(i.UART_AdvFeatureConfig)
    UART_CheckIdleState                      0x08004a9d   Thumb Code    96  stm32f0xx_hal_uart.o(i.UART_CheckIdleState)
    UART_SetConfig                           0x08004b05   Thumb Code   332  stm32f0xx_hal_uart.o(i.UART_SetConfig)
    UART_WaitOnFlagUntilTimeout              0x08004c61   Thumb Code   120  stm32f0xx_hal_uart.o(i.UART_WaitOnFlagUntilTimeout)
    UFCP_AbortReceive                        0x08004cd9   Thumb Code    10  usart_frame_communication_protocol.o(i.UFCP_AbortReceive)
    UFCP_Init                                0x08004ce3   Thumb Code     8  usart_frame_communication_protocol.o(i.UFCP_Init)
    UFCP_OVR_IRQ_Handler                     0x08004ceb   Thumb Code    18  usart_frame_communication_protocol.o(i.UFCP_OVR_IRQ_Handler)
    UFCP_RX_IRQ_Handler                      0x08004cfd   Thumb Code   142  usart_frame_communication_protocol.o(i.UFCP_RX_IRQ_Handler)
    UFCP_Receive                             0x08004d99   Thumb Code    36  usart_frame_communication_protocol.o(i.UFCP_Receive)
    UFCP_Send                                0x08004dbd   Thumb Code   114  usart_frame_communication_protocol.o(i.UFCP_Send)
    UFCP_TX_IRQ_Handler                      0x08004e2f   Thumb Code    98  usart_frame_communication_protocol.o(i.UFCP_TX_IRQ_Handler)
    UI_ExecCmd                               0x08004e91   Thumb Code   116  user_interface.o(i.UI_ExecCmd)
    UI_ExecSpeedRamp                         0x08004f05   Thumb Code    36  user_interface.o(i.UI_ExecSpeedRamp)
    UI_GetMPInfo                             0x08004f29   Thumb Code     4  user_interface.o(i.UI_GetMPInfo)
    UI_GetReg                                0x08004f2d   Thumb Code  1014  user_interface.o(i.UI_GetReg)
    UI_GetRevupData                          0x08005329   Thumb Code    66  user_interface.o(i.UI_GetRevupData)
    UI_Init                                  0x0800536b   Thumb Code    20  user_interface.o(i.UI_Init)
    UI_Scheduler                             0x08005381   Thumb Code    40  ui_task.o(i.UI_Scheduler)
    UI_SerialCommunicationTimeOutStart       0x080053ad   Thumb Code     8  ui_task.o(i.UI_SerialCommunicationTimeOutStart)
    UI_SerialCommunicationTimeOutStop        0x080053b9   Thumb Code     8  ui_task.o(i.UI_SerialCommunicationTimeOutStop)
    UI_SetCurrentReferences                  0x080053c5   Thumb Code    22  user_interface.o(i.UI_SetCurrentReferences)
    UI_SetReg                                0x080053db   Thumb Code   556  user_interface.o(i.UI_SetReg)
    UI_SetRevupData                          0x08005607   Thumb Code    50  user_interface.o(i.UI_SetRevupData)
    UI_TaskInit                              0x08005639   Thumb Code    74  ui_task.o(i.UI_TaskInit)
    USART1_IRQHandler                        0x080056a1   Thumb Code    90  stm32f0xx_mc_it.o(i.USART1_IRQHandler)
    VBS_GetAvBusVoltage_V                    0x08005705   Thumb Code    10  bus_voltage_sensor.o(i.VBS_GetAvBusVoltage_V)
    VBS_GetAvBusVoltage_d                    0x0800570f   Thumb Code     4  bus_voltage_sensor.o(i.VBS_GetAvBusVoltage_d)
    VSS_CalcAvrgMecSpeed01Hz                 0x08005713   Thumb Code   126  virtual_speed_sensor.o(i.VSS_CalcAvrgMecSpeed01Hz)
    VSS_CalcElAngle                          0x08005791   Thumb Code   174  virtual_speed_sensor.o(i.VSS_CalcElAngle)
    VSS_Clear                                0x0800583f   Thumb Code    40  virtual_speed_sensor.o(i.VSS_Clear)
    VSS_Init                                 0x08005867   Thumb Code    40  virtual_speed_sensor.o(i.VSS_Init)
    VSS_IsTransitionOngoing                  0x0800588f   Thumb Code    38  virtual_speed_sensor.o(i.VSS_IsTransitionOngoing)
    VSS_SetCopyObserver                      0x080058b5   Thumb Code     8  virtual_speed_sensor.o(i.VSS_SetCopyObserver)
    VSS_SetMecAcceleration                   0x080058bd   Thumb Code   132  virtual_speed_sensor.o(i.VSS_SetMecAcceleration)
    VSS_SetMecAngle                          0x08005941   Thumb Code    22  virtual_speed_sensor.o(i.VSS_SetMecAngle)
    VSS_SetStartTransition                   0x08005957   Thumb Code    36  virtual_speed_sensor.o(i.VSS_SetStartTransition)
    VVBS_Init                                0x0800597b   Thumb Code    12  virtual_bus_voltage_sensor.o(i.VVBS_Init)
    _Error_Handler                           0x08005987   Thumb Code     2  main.o(i._Error_Handler)
    __scatterload_copy                       0x08005989   Thumb Code    14  handlers.o(i.__scatterload_copy)
    __scatterload_null                       0x08005997   Thumb Code     2  handlers.o(i.__scatterload_null)
    __scatterload_zeroinit                   0x08005999   Thumb Code    14  handlers.o(i.__scatterload_zeroinit)
    main                                     0x080059a9   Thumb Code   612  main.o(i.main)
    mc_lock_pins                             0x08005c39   Thumb Code   144  mc_tasks.o(i.mc_lock_pins)
    s_fwVer                                  0x08005cd8   Data          32  motorcontrol.o(.constdata)
    R3_F0XX_Params                           0x08005cf8   Data          44  mc_parameters.o(.constdata)
    AHBPrescTable                            0x08005d24   Data          16  system_stm32f0xx.o(.constdata)
    APBPrescTable                            0x08005d34   Data           8  system_stm32f0xx.o(.constdata)
    hSin_Cos_Table                           0x08005d3c   Data         512  mc_math.o(.constdata)
    Region$$Table$$Base                      0x08005f58   Number         0  anon$$obj.o(Region$$Table)
    Region$$Table$$Limit                     0x08005f78   Number         0  anon$$obj.o(Region$$Table)
    a_speed                                  0x20000000   Data           4  main.o(.data)
    a_iqr                                    0x20000004   Data           4  main.o(.data)
    a_iq                                     0x20000008   Data           4  main.o(.data)
    a_idr                                    0x2000000c   Data           4  main.o(.data)
    a_id                                     0x20000010   Data           4  main.o(.data)
    a_ia                                     0x20000014   Data           4  main.o(.data)
    a_ib                                     0x20000018   Data           4  main.o(.data)
    wConfig                                  0x2000001c   Data           4  motorcontrol.o(.data)
    pMCI                                     0x20000020   Data           4  motorcontrol.o(.data)
    pMCT                                     0x20000024   Data           4  motorcontrol.o(.data)
    MPInfo                                   0x20000028   Data           8  motor_control_protocol.o(.data)
    PQD_MotorPowMeasM1                       0x20000030   Data         276  mc_config.o(.data)
    PIDSpeedHandle_M1                        0x20000144   Data          44  mc_config.o(.data)
    PIDIqHandle_M1                           0x20000170   Data          44  mc_config.o(.data)
    PIDIdHandle_M1                           0x2000019c   Data          44  mc_config.o(.data)
    SpeednTorqCtrlM1                         0x200001c8   Data          52  mc_config.o(.data)
    RevUpControlM1                           0x200001fc   Data         120  mc_config.o(.data)
    PWM_Handle_M1                            0x20000274   Data         224  mc_config.o(.data)
    VirtualSpeedSensorM1                     0x20000354   Data          48  mc_config.o(.data)
    STO_PLL_M1                               0x20000384   Data         284  mc_config.o(.data)
    STO_M1                                   0x200004a0   Data          20  mc_config.o(.data)
    TempSensorParamsM1                       0x200004b4   Data          40  mc_config.o(.data)
    VirtualBusVoltageSensorParamsM1          0x200004dc   Data          12  mc_config.o(.data)
    RampExtMngrHFParamsM1                    0x200004e8   Data          20  mc_config.o(.data)
    CircleLimitationM1                       0x200004fc   Data         178  mc_config.o(.data)
    pUSART                                   0x200005b0   Data         316  mc_config.o(.data)
    bMCBootCompleted                         0x200006ef   Data           1  mc_tasks.o(.data)
    oMCInterface                             0x200006f8   Data           4  mc_tasks.o(.data)
    pSTC                                     0x200006fc   Data           4  mc_tasks.o(.data)
    pPIDSpeed                                0x20000700   Data           4  mc_tasks.o(.data)
    pPIDIq                                   0x20000704   Data           4  mc_tasks.o(.data)
    pPIDId                                   0x20000708   Data           4  mc_tasks.o(.data)
    pBusSensorM1                             0x2000070c   Data           4  mc_tasks.o(.data)
    pTemperatureSensor                       0x20000710   Data           4  mc_tasks.o(.data)
    pwmcHandle                               0x20000714   Data           4  mc_tasks.o(.data)
    pMPM                                     0x20000718   Data           4  mc_tasks.o(.data)
    pCLM                                     0x2000071c   Data           4  mc_tasks.o(.data)
    pREMNG                                   0x20000720   Data           4  mc_tasks.o(.data)
    STM                                      0x20000724   Data           6  mc_tasks.o(.data)
    pDAC                                     0x20000734   Data           4  ui_task.o(.data)
    pMCP                                     0x20000738   Data           4  ui_task.o(.data)
    uwTick                                   0x2000073c   Data           4  stm32f0xx_hal.o(.data)
    SystemCoreClock                          0x20000740   Data           4  system_stm32f0xx.o(.data)
    hadc                                     0x20000748   Data          76  main.o(.bss)
    htim1                                    0x20000794   Data          64  main.o(.bss)
    huart1                                   0x200007d4   Data         112  main.o(.bss)
    hdma_adc                                 0x20000844   Data          68  main.o(.bss)
    UI_Params                                0x20000888   Data          24  mc_config.o(.bss)
    FOCVars                                  0x200008a0   Data          38  mc_tasks.o(.bss)
    Mci                                      0x200008c8   Data          28  mc_tasks.o(.bss)
    MCT                                      0x200008e4   Data          80  mc_tasks.o(.bss)
    MCP_UI_Params                            0x20000934   Data         180  ui_task.o(.bss)
    __initial_sp                             0x20000de8   Data           0  startup_stm32f031x6.o(STACK)



==============================================================================

Memory Map of the image

  Image Entry point : 0x080000b1

  Load Region LR_IROM1 (Base: 0x08000000, Size: 0x000066c0, Max: 0x00008000, ABSOLUTE, COMPRESSED[0x0000616c])

    Execution Region ER_IROM1 (Exec base: 0x08000000, Load base: 0x08000000, Size: 0x00005f78, Max: 0x00008000, ABSOLUTE)

    Exec Addr    Load Addr    Size         Type   Attr      Idx    E Section Name        Object

    0x08000000   0x08000000   0x000000b0   Data   RO            3    RESET               startup_stm32f031x6.o
    0x080000b0   0x080000b0   0x00000000   Code   RO         6063  * .ARM.Collect$$$$00000000  mc_p.l(entry.o)
    0x080000b0   0x080000b0   0x00000004   Code   RO         6074    .ARM.Collect$$$$00000001  mc_p.l(entry2.o)
    0x080000b4   0x080000b4   0x00000004   Code   RO         6077    .ARM.Collect$$$$00000004  mc_p.l(entry5.o)
    0x080000b8   0x080000b8   0x00000000   Code   RO         6079    .ARM.Collect$$$$00000008  mc_p.l(entry7b.o)
    0x080000b8   0x080000b8   0x00000000   Code   RO         6081    .ARM.Collect$$$$0000000A  mc_p.l(entry8b.o)
    0x080000b8   0x080000b8   0x00000008   Code   RO         6082    .ARM.Collect$$$$0000000B  mc_p.l(entry9a.o)
    0x080000c0   0x080000c0   0x00000000   Code   RO         6084    .ARM.Collect$$$$0000000D  mc_p.l(entry10a.o)
    0x080000c0   0x080000c0   0x00000000   Code   RO         6086    .ARM.Collect$$$$0000000F  mc_p.l(entry11a.o)
    0x080000c0   0x080000c0   0x00000004   Code   RO         6075    .ARM.Collect$$$$00002712  mc_p.l(entry2.o)
    0x080000c4   0x080000c4   0x0000001c   Code   RO            4    .text               startup_stm32f031x6.o
    0x080000e0   0x080000e0   0x0000002c   Code   RO         6066    .text               mc_p.l(uidiv.o)
    0x0800010c   0x0800010c   0x00000028   Code   RO         6068    .text               mc_p.l(idiv.o)
    0x08000134   0x08000134   0x00000024   Code   RO         6072    .text               mc_p.l(memseta.o)
    0x08000158   0x08000158   0x00000024   Code   RO         6088    .text               mc_p.l(init.o)
    0x0800017c   0x0800017c   0x00000056   Code   RO         6098    .text               mc_p.l(__dczerorl2.o)
    0x080001d2   0x080001d2   0x0000004c   Code   RO         4060    i.Circle_Limitation  circle_limitation.o
    0x0800021e   0x0800021e   0x00000002   PAD
    0x08000220   0x08000220   0x00000014   Code   RO          961    i.DMA1_Channel1_IRQHandler  stm32f0xx_mc_it.o
    0x08000234   0x08000234   0x00000018   Code   RO          962    i.DMA1_Channel4_5_IRQHandler  stm32f0xx_mc_it.o
    0x0800024c   0x0800024c   0x00000028   Code   RO         5334    i.F0XX_BRK_IRQHandler  r3_f0xx_pwm_curr_fdbk.o
    0x08000274   0x08000274   0x0000005c   Code   RO         5482    i.FCP_CalcCRC       frame_communication_protocol.o
    0x080002d0   0x080002d0   0x00000022   Code   RO         5483    i.FCP_Init          frame_communication_protocol.o
    0x080002f2   0x080002f2   0x00000010   Code   RO         5485    i.FCP_SetClient     frame_communication_protocol.o
    0x08000302   0x08000302   0x00000002   PAD
    0x08000304   0x08000304   0x00000064   Code   RO          846    i.FOC_Clear         mc_tasks.o
    0x08000368   0x08000368   0x00000170   Code   RO         1323    i.HAL_ADC_ConfigChannel  stm32f0xx_hal_adc.o
    0x080004d8   0x080004d8   0x00000174   Code   RO         1332    i.HAL_ADC_Init      stm32f0xx_hal_adc.o
    0x0800064c   0x0800064c   0x000000ac   Code   RO         1254    i.HAL_ADC_MspInit   stm32f0xx_hal_msp.o
    0x080006f8   0x080006f8   0x00000070   Code   RO         3498    i.HAL_DMA_Init      stm32f0xx_hal_dma.o
    0x08000768   0x08000768   0x0000001c   Code   RO         2864    i.HAL_Delay         stm32f0xx_hal.o
    0x08000784   0x08000784   0x0000014c   Code   RO         3433    i.HAL_GPIO_Init     stm32f0xx_hal_gpio.o
    0x080008d0   0x080008d0   0x0000000c   Code   RO         3437    i.HAL_GPIO_WritePin  stm32f0xx_hal_gpio.o
    0x080008dc   0x080008dc   0x0000000c   Code   RO         2868    i.HAL_GetTick       stm32f0xx_hal.o
    0x080008e8   0x080008e8   0x00000010   Code   RO         2872    i.HAL_IncTick       stm32f0xx_hal.o
    0x080008f8   0x080008f8   0x00000020   Code   RO         2873    i.HAL_Init          stm32f0xx_hal.o
    0x08000918   0x08000918   0x00000022   Code   RO         2874    i.HAL_InitTick      stm32f0xx_hal.o
    0x0800093a   0x0800093a   0x00000002   PAD
    0x0800093c   0x0800093c   0x00000044   Code   RO         1255    i.HAL_MspInit       stm32f0xx_hal_msp.o
    0x08000980   0x08000980   0x00000014   Code   RO         3580    i.HAL_NVIC_EnableIRQ  stm32f0xx_hal_cortex.o
    0x08000994   0x08000994   0x00000044   Code   RO         3584    i.HAL_NVIC_SetPriority  stm32f0xx_hal_cortex.o
    0x080009d8   0x080009d8   0x000000fc   Code   RO         2829    i.HAL_RCCEx_PeriphCLKConfig  stm32f0xx_hal_rcc_ex.o
    0x08000ad4   0x08000ad4   0x000001b0   Code   RO         2737    i.HAL_RCC_ClockConfig  stm32f0xx_hal_rcc.o
    0x08000c84   0x08000c84   0x00000014   Code   RO         2740    i.HAL_RCC_EnableCSS  stm32f0xx_hal_rcc.o
    0x08000c98   0x08000c98   0x0000000c   Code   RO         2742    i.HAL_RCC_GetHCLKFreq  stm32f0xx_hal_rcc.o
    0x08000ca4   0x08000ca4   0x00000020   Code   RO         2744    i.HAL_RCC_GetPCLK1Freq  stm32f0xx_hal_rcc.o
    0x08000cc4   0x08000cc4   0x0000007c   Code   RO         2745    i.HAL_RCC_GetSysClockFreq  stm32f0xx_hal_rcc.o
    0x08000d40   0x08000d40   0x0000039c   Code   RO         2748    i.HAL_RCC_OscConfig  stm32f0xx_hal_rcc.o
    0x080010dc   0x080010dc   0x00000018   Code   RO         3586    i.HAL_SYSTICK_CLKSourceConfig  stm32f0xx_hal_cortex.o
    0x080010f4   0x080010f4   0x00000002   Code   RO         3587    i.HAL_SYSTICK_Callback  stm32f0xx_hal_cortex.o
    0x080010f6   0x080010f6   0x00000002   PAD
    0x080010f8   0x080010f8   0x0000003c   Code   RO         3588    i.HAL_SYSTICK_Config  stm32f0xx_hal_cortex.o
    0x08001134   0x08001134   0x00000008   Code   RO         3589    i.HAL_SYSTICK_IRQHandler  stm32f0xx_hal_cortex.o
    0x0800113c   0x0800113c   0x00000060   Code   RO         2122    i.HAL_TIMEx_ConfigBreakDeadTime  stm32f0xx_hal_tim_ex.o
    0x0800119c   0x0800119c   0x0000004a   Code   RO         2137    i.HAL_TIMEx_MasterConfigSynchronization  stm32f0xx_hal_tim_ex.o
    0x080011e6   0x080011e6   0x00000002   PAD
    0x080011e8   0x080011e8   0x0000004c   Code   RO         1256    i.HAL_TIM_MspPostInit  stm32f0xx_hal_msp.o
    0x08001234   0x08001234   0x00000194   Code   RO         1582    i.HAL_TIM_PWM_ConfigChannel  stm32f0xx_hal_tim.o
    0x080013c8   0x080013c8   0x00000032   Code   RO         1585    i.HAL_TIM_PWM_Init  stm32f0xx_hal_tim.o
    0x080013fa   0x080013fa   0x00000002   PAD
    0x080013fc   0x080013fc   0x00000028   Code   RO         1258    i.HAL_TIM_PWM_MspInit  stm32f0xx_hal_msp.o
    0x08001424   0x08001424   0x0000006a   Code   RO         2374    i.HAL_UART_Init     stm32f0xx_hal_uart.o
    0x0800148e   0x0800148e   0x00000002   PAD
    0x08001490   0x08001490   0x00000048   Code   RO         1260    i.HAL_UART_MspInit  stm32f0xx_hal_msp.o
    0x080014d8   0x080014d8   0x00000014   Code   RO         4188    i.MCI_Clear_Iqdref  mc_interface.o
    0x080014ec   0x080014ec   0x0000000c   Code   RO         4189    i.MCI_EncoderAlign  mc_interface.o
    0x080014f8   0x080014f8   0x0000007a   Code   RO         4190    i.MCI_ExecBufferedCommands  mc_interface.o
    0x08001572   0x08001572   0x0000000e   Code   RO         4191    i.MCI_ExecSpeedRamp  mc_interface.o
    0x08001580   0x08001580   0x00000012   Code   RO         4192    i.MCI_ExecTorqueRamp  mc_interface.o
    0x08001592   0x08001592   0x0000000a   Code   RO         4193    i.MCI_FaultAcknowledged  mc_interface.o
    0x0800159c   0x0800159c   0x0000000e   Code   RO         4194    i.MCI_GetAvrgMecSpeed01Hz  mc_interface.o
    0x080015aa   0x080015aa   0x00000004   Code   RO         4195    i.MCI_GetControlMode  mc_interface.o
    0x080015ae   0x080015ae   0x00000010   Code   RO         4198    i.MCI_GetIab        mc_interface.o
    0x080015be   0x080015be   0x00000010   Code   RO         4199    i.MCI_GetIalphabeta  mc_interface.o
    0x080015ce   0x080015ce   0x00000034   Code   RO         4200    i.MCI_GetImposedMotorDirection  mc_interface.o
    0x08001602   0x08001602   0x00000010   Code   RO         4201    i.MCI_GetIqd        mc_interface.o
    0x08001612   0x08001612   0x00000010   Code   RO         4203    i.MCI_GetIqdref     mc_interface.o
    0x08001622   0x08001622   0x00000010   Code   RO         4204    i.MCI_GetLastRampFinalSpeed  mc_interface.o
    0x08001632   0x08001632   0x0000000a   Code   RO         4205    i.MCI_GetMecSpeedRef01Hz  mc_interface.o
    0x0800163c   0x0800163c   0x0000000a   Code   RO         4209    i.MCI_GetSTMState   mc_interface.o
    0x08001646   0x08001646   0x00000008   Code   RO         4211    i.MCI_GetTeref      mc_interface.o
    0x0800164e   0x0800164e   0x00000010   Code   RO         4212    i.MCI_GetValphabeta  mc_interface.o
    0x0800165e   0x0800165e   0x00000010   Code   RO         4213    i.MCI_GetVqd        mc_interface.o
    0x0800166e   0x0800166e   0x00000014   Code   RO         4214    i.MCI_Init          mc_interface.o
    0x08001682   0x08001682   0x00000014   Code   RO         4217    i.MCI_SetCurrentReferences  mc_interface.o
    0x08001696   0x08001696   0x0000000a   Code   RO         4218    i.MCI_SetIdref      mc_interface.o
    0x080016a0   0x080016a0   0x00000016   Code   RO         4219    i.MCI_StartMotor    mc_interface.o
    0x080016b6   0x080016b6   0x0000000c   Code   RO         4220    i.MCI_StopMotor     mc_interface.o
    0x080016c2   0x080016c2   0x0000000a   Code   RO         4221    i.MCI_StopSpeedRamp  mc_interface.o
    0x080016cc   0x080016cc   0x0000004c   Code   RO         4135    i.MCM_Clarke        mc_math.o
    0x08001718   0x08001718   0x00000080   Code   RO         4136    i.MCM_Park          mc_math.o
    0x08001798   0x08001798   0x00000030   Code   RO         4137    i.MCM_Rev_Park      mc_math.o
    0x080017c8   0x080017c8   0x000000a0   Code   RO         4139    i.MCM_Trig_Functions  mc_math.o
    0x08001868   0x08001868   0x00000050   Code   RO          731    i.MCP_Init          motor_control_protocol.o
    0x080018b8   0x080018b8   0x00000018   Code   RO          732    i.MCP_OnTimeOut     motor_control_protocol.o
    0x080018d0   0x080018d0   0x00000608   Code   RO          733    i.MCP_ReceivedFrame  motor_control_protocol.o
    0x08001ed8   0x08001ed8   0x00000018   Code   RO          738    i.MCP_SentFrame     motor_control_protocol.o
    0x08001ef0   0x08001ef0   0x00000010   Code   RO          524    i.MC_GetIabMotor1   mc_api.o
    0x08001f00   0x08001f00   0x00000010   Code   RO          527    i.MC_GetIqdMotor1   mc_api.o
    0x08001f10   0x08001f10   0x00000010   Code   RO          528    i.MC_GetIqdrefMotor1  mc_api.o
    0x08001f20   0x08001f20   0x00000010   Code   RO          530    i.MC_GetMecSpeedAverageMotor1  mc_api.o
    0x08001f30   0x08001f30   0x00000018   Code   RO          544    i.MC_ProgramSpeedRampMotor1  mc_api.o
    0x08001f48   0x08001f48   0x000002a0   Code   RO          852    i.MC_Scheduler      mc_tasks.o
    0x080021e8   0x080021e8   0x00000010   Code   RO          548    i.MC_StartMotor1    mc_api.o
    0x080021f8   0x080021f8   0x000001c8   Code   RO          853    i.MCboot            mc_tasks.o
    0x080023c0   0x080023c0   0x0000005c   Code   RO         4406    i.MPM_CalcElMotorPower  motor_power_measurement.o
    0x0800241c   0x0800241c   0x00000018   Code   RO         4407    i.MPM_Clear         motor_power_measurement.o
    0x08002434   0x08002434   0x00000008   Code   RO         4408    i.MPM_GetAvrgElMotorPowerW  motor_power_measurement.o
    0x0800243c   0x0800243c   0x00000040   Code   RO          228    i.MX_MotorControl_Init  motorcontrol.o
    0x0800247c   0x0800247c   0x00000054   Code   RO         4444    i.NTC_CalcAvTemp    ntc_temperature_sensor.o
    0x080024d0   0x080024d0   0x00000026   Code   RO         4447    i.NTC_GetAvTemp_C   ntc_temperature_sensor.o
    0x080024f6   0x080024f6   0x00000016   Code   RO         4449    i.NTC_Init          ntc_temperature_sensor.o
    0x0800250c   0x0800250c   0x00000008   Code   RO         4545    i.PID_GetKD         pid_regulator.o
    0x08002514   0x08002514   0x00000008   Code   RO         4547    i.PID_GetKI         pid_regulator.o
    0x0800251c   0x0800251c   0x00000004   Code   RO         4548    i.PID_GetKIDivisor  pid_regulator.o
    0x08002520   0x08002520   0x00000008   Code   RO         4549    i.PID_GetKP         pid_regulator.o
    0x08002528   0x08002528   0x00000004   Code   RO         4550    i.PID_GetKPDivisor  pid_regulator.o
    0x0800252c   0x0800252c   0x00000014   Code   RO         4551    i.PID_HandleInit    pid_regulator.o
    0x08002540   0x08002540   0x00000004   Code   RO         4552    i.PID_SetIntegralTerm  pid_regulator.o
    0x08002544   0x08002544   0x00000004   Code   RO         4553    i.PID_SetKD         pid_regulator.o
    0x08002548   0x08002548   0x00000004   Code   RO         4554    i.PID_SetKI         pid_regulator.o
    0x0800254c   0x0800254c   0x00000004   Code   RO         4556    i.PID_SetKP         pid_regulator.o
    0x08002550   0x08002550   0x00000084   Code   RO         4563    i.PI_Controller     pid_regulator.o
    0x080025d4   0x080025d4   0x00000068   Code   RO         4682    i.PQD_CalcElMotorPower  pqd_motor_power_measurement.o
    0x0800263c   0x0800263c   0x00000004   Code   RO         4703    i.PWMC_CheckOverCurrent  pwm_curr_fdbk.o
    0x08002640   0x08002640   0x00000042   Code   RO         4704    i.PWMC_CurrentReadingCalibr  pwm_curr_fdbk.o
    0x08002682   0x08002682   0x00000004   Code   RO         4705    i.PWMC_ExecRegularConv  pwm_curr_fdbk.o
    0x08002686   0x08002686   0x00000004   Code   RO         4706    i.PWMC_GetPhaseCurrents  pwm_curr_fdbk.o
    0x0800268a   0x0800268a   0x0000017a   Code   RO         4731    i.PWMC_SetPhaseVoltage  pwm_curr_fdbk.o
    0x08002804   0x08002804   0x00000004   Code   RO         4732    i.PWMC_SwitchOffPWM  pwm_curr_fdbk.o
    0x08002808   0x08002808   0x00000004   Code   RO         4733    i.PWMC_SwitchOnPWM  pwm_curr_fdbk.o
    0x0800280c   0x0800280c   0x00000004   Code   RO         4734    i.PWMC_TurnOnLowSides  pwm_curr_fdbk.o
    0x08002810   0x08002810   0x00000068   Code   RO         5335    i.R3F0XX_ADC_DMA_Config_AB  r3_f0xx_pwm_curr_fdbk.o
    0x08002878   0x08002878   0x00000014   Code   RO         5336    i.R3F0XX_ADC_SetSamplingTime  r3_f0xx_pwm_curr_fdbk.o
    0x0800288c   0x0800288c   0x000001f4   Code   RO         5337    i.R3F0XX_CurrentReadingCalibration  r3_f0xx_pwm_curr_fdbk.o
    0x08002a80   0x08002a80   0x000000a8   Code   RO         5338    i.R3F0XX_ExecRegularConv  r3_f0xx_pwm_curr_fdbk.o
    0x08002b28   0x08002b28   0x00000180   Code   RO         5339    i.R3F0XX_GetPhaseCurrents  r3_f0xx_pwm_curr_fdbk.o
    0x08002ca8   0x08002ca8   0x000000bc   Code   RO         5340    i.R3F0XX_HFCurrentsCalibration  r3_f0xx_pwm_curr_fdbk.o
    0x08002d64   0x08002d64   0x00000134   Code   RO         5341    i.R3F0XX_Init       r3_f0xx_pwm_curr_fdbk.o
    0x08002e98   0x08002e98   0x00000020   Code   RO         5342    i.R3F0XX_IsOverCurrentOccurred  r3_f0xx_pwm_curr_fdbk.o
    0x08002eb8   0x08002eb8   0x0000009c   Code   RO         5343    i.R3F0XX_SetADCSampPointCalibration  r3_f0xx_pwm_curr_fdbk.o
    0x08002f54   0x08002f54   0x000000d0   Code   RO         5344    i.R3F0XX_SetADCSampPointSect1  r3_f0xx_pwm_curr_fdbk.o
    0x08003024   0x08003024   0x000000d0   Code   RO         5345    i.R3F0XX_SetADCSampPointSect2  r3_f0xx_pwm_curr_fdbk.o
    0x080030f4   0x080030f4   0x000000d0   Code   RO         5346    i.R3F0XX_SetADCSampPointSect3  r3_f0xx_pwm_curr_fdbk.o
    0x080031c4   0x080031c4   0x00000078   Code   RO         5347    i.R3F0XX_SetADCSampPointSect4  r3_f0xx_pwm_curr_fdbk.o
    0x0800323c   0x0800323c   0x00000078   Code   RO         5348    i.R3F0XX_SetADCSampPointSect5  r3_f0xx_pwm_curr_fdbk.o
    0x080032b4   0x080032b4   0x000000d0   Code   RO         5349    i.R3F0XX_SetADCSampPointSect6  r3_f0xx_pwm_curr_fdbk.o
    0x08003384   0x08003384   0x00000088   Code   RO         5350    i.R3F0XX_SwitchOffPWM  r3_f0xx_pwm_curr_fdbk.o
    0x0800340c   0x0800340c   0x000001d0   Code   RO         5351    i.R3F0XX_SwitchOnPWM  r3_f0xx_pwm_curr_fdbk.o
    0x080035dc   0x080035dc   0x0000004c   Code   RO         5352    i.R3F0XX_TurnOnLowSides  r3_f0xx_pwm_curr_fdbk.o
    0x08003628   0x08003628   0x000000a8   Code   RO         5353    i.R3F0XX_WriteTIMRegisters  r3_f0xx_pwm_curr_fdbk.o
    0x080036d0   0x080036d0   0x0000002c   Code   RO         4914    i.REMNG_Calc        ramp_ext_mngr.o
    0x080036fc   0x080036fc   0x000000f6   Code   RO         4915    i.REMNG_ExecRamp    ramp_ext_mngr.o
    0x080037f2   0x080037f2   0x00000010   Code   RO         4917    i.REMNG_Init        ramp_ext_mngr.o
    0x08003802   0x08003802   0x0000000e   Code   RO         4918    i.REMNG_RampCompleted  ramp_ext_mngr.o
    0x08003810   0x08003810   0x00000082   Code   RO         5949    i.RUC_Clear         libmc-keil_M0.lib(revup_ctrl.o)
    0x08003892   0x08003892   0x00000012   Code   RO         5952    i.RUC_FirstAccelerationStageReached  libmc-keil_M0.lib(revup_ctrl.o)
    0x080038a4   0x080038a4   0x00000006   Code   RO         5953    i.RUC_GetNumberOfPhases  libmc-keil_M0.lib(revup_ctrl.o)
    0x080038aa   0x080038aa   0x0000000a   Code   RO         5954    i.RUC_GetPhaseDurationms  libmc-keil_M0.lib(revup_ctrl.o)
    0x080038b4   0x080038b4   0x0000000c   Code   RO         5955    i.RUC_GetPhaseFinalMecSpeed01Hz  libmc-keil_M0.lib(revup_ctrl.o)
    0x080038c0   0x080038c0   0x0000000c   Code   RO         5956    i.RUC_GetPhaseFinalTorque  libmc-keil_M0.lib(revup_ctrl.o)
    0x080038cc   0x080038cc   0x00000006   Code   RO         5957    i.RUC_Get_SCLowsideOTF_Status  libmc-keil_M0.lib(revup_ctrl.o)
    0x080038d2   0x080038d2   0x00000048   Code   RO         5958    i.RUC_Init          libmc-keil_M0.lib(revup_ctrl.o)
    0x0800391a   0x0800391a   0x000001ce   Code   RO         5959    i.RUC_OTF_Exec      libmc-keil_M0.lib(revup_ctrl.o)
    0x08003ae8   0x08003ae8   0x0000000a   Code   RO         5960    i.RUC_SetPhaseDurationms  libmc-keil_M0.lib(revup_ctrl.o)
    0x08003af2   0x08003af2   0x0000000a   Code   RO         5961    i.RUC_SetPhaseFinalMecSpeed01Hz  libmc-keil_M0.lib(revup_ctrl.o)
    0x08003afc   0x08003afc   0x0000000a   Code   RO         5962    i.RUC_SetPhaseFinalTorque  libmc-keil_M0.lib(revup_ctrl.o)
    0x08003b06   0x08003b06   0x00000008   Code   RO         4971    i.SPD_GetAvrgMecSpeed01Hz  speed_pos_fdbk.o
    0x08003b0e   0x08003b0e   0x00000008   Code   RO         4972    i.SPD_GetElAngle    speed_pos_fdbk.o
    0x08003b16   0x08003b16   0x00000018   Code   RO         4976    i.SPD_GetS16Speed   speed_pos_fdbk.o
    0x08003b2e   0x08003b2e   0x00000060   Code   RO         4977    i.SPD_IsMecSpeedReliable  speed_pos_fdbk.o
    0x08003b8e   0x08003b8e   0x0000005a   Code   RO         5038    i.STC_CalcTorqueReference  speed_torq_ctrl.o
    0x08003be8   0x08003be8   0x00000014   Code   RO         5039    i.STC_Clear         speed_torq_ctrl.o
    0x08003bfc   0x08003bfc   0x00000092   Code   RO         5040    i.STC_ExecRamp      speed_torq_ctrl.o
    0x08003c8e   0x08003c8e   0x00000010   Code   RO         5041    i.STC_ForceSpeedReferenceToCurrentSpeed  speed_torq_ctrl.o
    0x08003c9e   0x08003c9e   0x0000000e   Code   RO         5043    i.STC_GetDefaultIqdref  speed_torq_ctrl.o
    0x08003cac   0x08003cac   0x00000004   Code   RO         5044    i.STC_GetMaxAppPositiveMecSpeed01Hz  speed_torq_ctrl.o
    0x08003cb0   0x08003cb0   0x0000000c   Code   RO         5045    i.STC_GetMecSpeedRef01Hz  speed_torq_ctrl.o
    0x08003cbc   0x08003cbc   0x00000008   Code   RO         5046    i.STC_GetMecSpeedRef01HzDefault  speed_torq_ctrl.o
    0x08003cc4   0x08003cc4   0x00000008   Code   RO         5047    i.STC_GetMinAppNegativeMecSpeed01Hz  speed_torq_ctrl.o
    0x08003ccc   0x08003ccc   0x00000004   Code   RO         5048    i.STC_GetSpeedSensor  speed_torq_ctrl.o
    0x08003cd0   0x08003cd0   0x00000020   Code   RO         5050    i.STC_Init          speed_torq_ctrl.o
    0x08003cf0   0x08003cf0   0x00000008   Code   RO         5052    i.STC_SetControlMode  speed_torq_ctrl.o
    0x08003cf8   0x08003cf8   0x00000004   Code   RO         5054    i.STC_SetSpeedSensor  speed_torq_ctrl.o
    0x08003cfc   0x08003cfc   0x00000010   Code   RO         5056    i.STC_StopSpeedRamp  speed_torq_ctrl.o
    0x08003d0c   0x08003d0c   0x00000016   Code   RO         5166    i.STM_FaultAcknowledged  state_machine.o
    0x08003d22   0x08003d22   0x00000032   Code   RO         5167    i.STM_FaultProcessing  state_machine.o
    0x08003d54   0x08003d54   0x0000000a   Code   RO         5168    i.STM_GetFaultState  state_machine.o
    0x08003d5e   0x08003d5e   0x00000004   Code   RO         5169    i.STM_GetState      state_machine.o
    0x08003d62   0x08003d62   0x0000000a   Code   RO         5170    i.STM_Init          state_machine.o
    0x08003d6c   0x08003d6c   0x0000010a   Code   RO         5171    i.STM_NextState     state_machine.o
    0x08003e76   0x08003e76   0x0000001a   Code   RO         5627    i.STO_GetPLLGains   libmc-keil_M0.lib(sto_pll_speed_pos_fdbk.o)
    0x08003e90   0x08003e90   0x0000000e   Code   RO         5628    i.STO_OTF_ResetPLL  libmc-keil_M0.lib(sto_pll_speed_pos_fdbk.o)
    0x08003e9e   0x08003e9e   0x0000004c   Code   RO         5630    i.STO_PLL_CalcAvrgElSpeedDpp  libmc-keil_M0.lib(sto_pll_speed_pos_fdbk.o)
    0x08003eea   0x08003eea   0x000001d4   Code   RO         5631    i.STO_PLL_CalcAvrgMecSpeed01Hz  libmc-keil_M0.lib(sto_pll_speed_pos_fdbk.o)
    0x080040be   0x080040be   0x000001c0   Code   RO         5632    i.STO_PLL_CalcElAngle  libmc-keil_M0.lib(sto_pll_speed_pos_fdbk.o)
    0x0800427e   0x0800427e   0x0000006e   Code   RO         5633    i.STO_PLL_Clear     libmc-keil_M0.lib(sto_pll_speed_pos_fdbk.o)
    0x080042ec   0x080042ec   0x0000000c   Code   RO         5634    i.STO_PLL_ForceConvergency1  libmc-keil_M0.lib(sto_pll_speed_pos_fdbk.o)
    0x080042f8   0x080042f8   0x0000000c   Code   RO         5635    i.STO_PLL_ForceConvergency2  libmc-keil_M0.lib(sto_pll_speed_pos_fdbk.o)
    0x08004304   0x08004304   0x00000010   Code   RO         5636    i.STO_PLL_GetEstimatedBemf  libmc-keil_M0.lib(sto_pll_speed_pos_fdbk.o)
    0x08004314   0x08004314   0x00000006   Code   RO         5637    i.STO_PLL_GetEstimatedBemfLevel  libmc-keil_M0.lib(sto_pll_speed_pos_fdbk.o)
    0x0800431a   0x0800431a   0x00000018   Code   RO         5638    i.STO_PLL_GetEstimatedCurrent  libmc-keil_M0.lib(sto_pll_speed_pos_fdbk.o)
    0x08004332   0x08004332   0x00000006   Code   RO         5639    i.STO_PLL_GetObservedBemfLevel  libmc-keil_M0.lib(sto_pll_speed_pos_fdbk.o)
    0x08004338   0x08004338   0x0000000a   Code   RO         5640    i.STO_PLL_GetObserverGains  libmc-keil_M0.lib(sto_pll_speed_pos_fdbk.o)
    0x08004342   0x08004342   0x00000002   PAD
    0x08004344   0x08004344   0x000000d0   Code   RO         5641    i.STO_PLL_Init      libmc-keil_M0.lib(sto_pll_speed_pos_fdbk.o)
    0x08004414   0x08004414   0x0000008e   Code   RO         5643    i.STO_PLL_IsObserverConverged  libmc-keil_M0.lib(sto_pll_speed_pos_fdbk.o)
    0x080044a2   0x080044a2   0x00000008   Code   RO         5644    i.STO_PLL_IsVarianceTight  libmc-keil_M0.lib(sto_pll_speed_pos_fdbk.o)
    0x080044aa   0x080044aa   0x00000006   Code   RO         5647    i.STO_PLL_SetObserverGains  libmc-keil_M0.lib(sto_pll_speed_pos_fdbk.o)
    0x080044b0   0x080044b0   0x0000000c   Code   RO         5648    i.STO_ResetPLL      libmc-keil_M0.lib(sto_pll_speed_pos_fdbk.o)
    0x080044bc   0x080044bc   0x00000016   Code   RO         5651    i.STO_SetPLLGains   libmc-keil_M0.lib(sto_pll_speed_pos_fdbk.o)
    0x080044d2   0x080044d2   0x00000002   PAD
    0x080044d4   0x080044d4   0x00000028   Code   RO          963    i.SysTick_Handler   stm32f0xx_mc_it.o
    0x080044fc   0x080044fc   0x00000080   Code   RO           12    i.SystemClock_Config  main.o
    0x0800457c   0x0800457c   0x0000005c   Code   RO         3942    i.SystemInit        system_stm32f0xx.o
    0x080045d8   0x080045d8   0x0000003c   Code   RO         3976    i.TB_Scheduler      timebase.o
    0x08004614   0x08004614   0x00000048   Code   RO          964    i.TIM1_BRK_UP_TRG_COM_IRQHandler  stm32f0xx_mc_it.o
    0x0800465c   0x0800465c   0x00000088   Code   RO         1600    i.TIM_Base_SetConfig  stm32f0xx_hal_tim.o
    0x080046e4   0x080046e4   0x0000007c   Code   RO         1608    i.TIM_OC1_SetConfig  stm32f0xx_hal_tim.o
    0x08004760   0x08004760   0x00000078   Code   RO         1609    i.TIM_OC2_SetConfig  stm32f0xx_hal_tim.o
    0x080047d8   0x080047d8   0x00000174   Code   RO          856    i.TSK_HighFrequencyTask  mc_tasks.o
    0x0800494c   0x0800494c   0x00000084   Code   RO          857    i.TSK_SafetyTask    mc_tasks.o
    0x080049d0   0x080049d0   0x000000cc   Code   RO         2387    i.UART_AdvFeatureConfig  stm32f0xx_hal_uart.o
    0x08004a9c   0x08004a9c   0x00000068   Code   RO         2388    i.UART_CheckIdleState  stm32f0xx_hal_uart.o
    0x08004b04   0x08004b04   0x0000015c   Code   RO         2401    i.UART_SetConfig    stm32f0xx_hal_uart.o
    0x08004c60   0x08004c60   0x00000078   Code   RO         2403    i.UART_WaitOnFlagUntilTimeout  stm32f0xx_hal_uart.o
    0x08004cd8   0x08004cd8   0x0000000a   Code   RO         5554    i.UFCP_AbortReceive  usart_frame_communication_protocol.o
    0x08004ce2   0x08004ce2   0x00000008   Code   RO         5555    i.UFCP_Init         usart_frame_communication_protocol.o
    0x08004cea   0x08004cea   0x00000012   Code   RO         5556    i.UFCP_OVR_IRQ_Handler  usart_frame_communication_protocol.o
    0x08004cfc   0x08004cfc   0x0000009c   Code   RO         5557    i.UFCP_RX_IRQ_Handler  usart_frame_communication_protocol.o
    0x08004d98   0x08004d98   0x00000024   Code   RO         5558    i.UFCP_Receive      usart_frame_communication_protocol.o
    0x08004dbc   0x08004dbc   0x00000072   Code   RO         5559    i.UFCP_Send         usart_frame_communication_protocol.o
    0x08004e2e   0x08004e2e   0x00000062   Code   RO         5561    i.UFCP_TX_IRQ_Handler  usart_frame_communication_protocol.o
    0x08004e90   0x08004e90   0x00000074   Code   RO         1138    i.UI_ExecCmd        user_interface.o
    0x08004f04   0x08004f04   0x00000024   Code   RO         1139    i.UI_ExecSpeedRamp  user_interface.o
    0x08004f28   0x08004f28   0x00000004   Code   RO         1142    i.UI_GetMPInfo      user_interface.o
    0x08004f2c   0x08004f2c   0x000003fc   Code   RO         1143    i.UI_GetReg         user_interface.o
    0x08005328   0x08005328   0x00000042   Code   RO         1144    i.UI_GetRevupData   user_interface.o
    0x0800536a   0x0800536a   0x00000014   Code   RO         1147    i.UI_Init           user_interface.o
    0x0800537e   0x0800537e   0x00000002   PAD
    0x08005380   0x08005380   0x0000002c   Code   RO         1038    i.UI_Scheduler      ui_task.o
    0x080053ac   0x080053ac   0x0000000c   Code   RO         1041    i.UI_SerialCommunicationTimeOutStart  ui_task.o
    0x080053b8   0x080053b8   0x0000000c   Code   RO         1042    i.UI_SerialCommunicationTimeOutStop  ui_task.o
    0x080053c4   0x080053c4   0x00000016   Code   RO         1149    i.UI_SetCurrentReferences  user_interface.o
    0x080053da   0x080053da   0x0000022c   Code   RO         1150    i.UI_SetReg         user_interface.o
    0x08005606   0x08005606   0x00000032   Code   RO         1151    i.UI_SetRevupData   user_interface.o
    0x08005638   0x08005638   0x00000068   Code   RO         1044    i.UI_TaskInit       ui_task.o
    0x080056a0   0x080056a0   0x00000064   Code   RO          965    i.USART1_IRQHandler  stm32f0xx_mc_it.o
    0x08005704   0x08005704   0x0000000a   Code   RO         4023    i.VBS_GetAvBusVoltage_V  bus_voltage_sensor.o
    0x0800570e   0x0800570e   0x00000004   Code   RO         4024    i.VBS_GetAvBusVoltage_d  bus_voltage_sensor.o
    0x08005712   0x08005712   0x0000007e   Code   RO         5248    i.VSS_CalcAvrgMecSpeed01Hz  virtual_speed_sensor.o
    0x08005790   0x08005790   0x000000ae   Code   RO         5249    i.VSS_CalcElAngle   virtual_speed_sensor.o
    0x0800583e   0x0800583e   0x00000028   Code   RO         5250    i.VSS_Clear         virtual_speed_sensor.o
    0x08005866   0x08005866   0x00000028   Code   RO         5252    i.VSS_Init          virtual_speed_sensor.o
    0x0800588e   0x0800588e   0x00000026   Code   RO         5253    i.VSS_IsTransitionOngoing  virtual_speed_sensor.o
    0x080058b4   0x080058b4   0x00000008   Code   RO         5255    i.VSS_SetCopyObserver  virtual_speed_sensor.o
    0x080058bc   0x080058bc   0x00000084   Code   RO         5257    i.VSS_SetMecAcceleration  virtual_speed_sensor.o
    0x08005940   0x08005940   0x00000016   Code   RO         5258    i.VSS_SetMecAngle   virtual_speed_sensor.o
    0x08005956   0x08005956   0x00000024   Code   RO         5259    i.VSS_SetStartTransition  virtual_speed_sensor.o
    0x0800597a   0x0800597a   0x0000000c   Code   RO         5217    i.VVBS_Init         virtual_bus_voltage_sensor.o
    0x08005986   0x08005986   0x00000002   Code   RO           13    i._Error_Handler    main.o
    0x08005988   0x08005988   0x0000000e   Code   RO         6092    i.__scatterload_copy  mc_p.l(handlers.o)
    0x08005996   0x08005996   0x00000002   Code   RO         6093    i.__scatterload_null  mc_p.l(handlers.o)
    0x08005998   0x08005998   0x0000000e   Code   RO         6094    i.__scatterload_zeroinit  mc_p.l(handlers.o)
    0x080059a6   0x080059a6   0x00000002   PAD
    0x080059a8   0x080059a8   0x00000290   Code   RO           14    i.main              main.o
    0x08005c38   0x08005c38   0x000000a0   Code   RO          860    i.mc_lock_pins      mc_tasks.o
    0x08005cd8   0x08005cd8   0x00000020   Data   RO          229    .constdata          motorcontrol.o
    0x08005cf8   0x08005cf8   0x0000002c   Data   RO         1015    .constdata          mc_parameters.o
    0x08005d24   0x08005d24   0x00000010   Data   RO         3943    .constdata          system_stm32f0xx.o
    0x08005d34   0x08005d34   0x00000008   Data   RO         3944    .constdata          system_stm32f0xx.o
    0x08005d3c   0x08005d3c   0x00000200   Data   RO         4141    .constdata          mc_math.o
    0x08005f3c   0x08005f3c   0x00000013   Data   RO         5354    .constdata          r3_f0xx_pwm_curr_fdbk.o
    0x08005f4f   0x08005f4f   0x00000001   PAD
    0x08005f50   0x08005f50   0x00000006   Data   RO         5562    .constdata          usart_frame_communication_protocol.o
    0x08005f56   0x08005f56   0x00000002   PAD
    0x08005f58   0x08005f58   0x00000020   Data   RO         6090    Region$$Table       anon$$obj.o


    Execution Region RW_IRAM1 (Exec base: 0x20000000, Load base: 0x08005f78, Size: 0x00000de8, Max: 0x00001000, ABSOLUTE, COMPRESSED[0x000001f4])

    Exec Addr    Load Addr    Size         Type   Attr      Idx    E Section Name        Object

    0x20000000   COMPRESSED   0x0000001c   Data   RW           17    .data               main.o
    0x2000001c   COMPRESSED   0x0000000c   Data   RW          230    .data               motorcontrol.o
    0x20000028   COMPRESSED   0x00000008   Data   RW          740    .data               motor_control_protocol.o
    0x20000030   COMPRESSED   0x00000114   Data   RW          803    .data               mc_config.o
    0x20000144   COMPRESSED   0x0000002c   Data   RW          805    .data               mc_config.o
    0x20000170   COMPRESSED   0x0000002c   Data   RW          806    .data               mc_config.o
    0x2000019c   COMPRESSED   0x0000002c   Data   RW          807    .data               mc_config.o
    0x200001c8   COMPRESSED   0x00000034   Data   RW          808    .data               mc_config.o
    0x200001fc   COMPRESSED   0x00000078   Data   RW          809    .data               mc_config.o
    0x20000274   COMPRESSED   0x000000e0   Data   RW          810    .data               mc_config.o
    0x20000354   COMPRESSED   0x00000030   Data   RW          811    .data               mc_config.o
    0x20000384   COMPRESSED   0x0000011c   Data   RW          812    .data               mc_config.o
    0x200004a0   COMPRESSED   0x00000014   Data   RW          814    .data               mc_config.o
    0x200004b4   COMPRESSED   0x00000028   Data   RW          815    .data               mc_config.o
    0x200004dc   COMPRESSED   0x0000000c   Data   RW          816    .data               mc_config.o
    0x200004e8   COMPRESSED   0x00000014   Data   RW          817    .data               mc_config.o
    0x200004fc   COMPRESSED   0x000000b2   Data   RW          818    .data               mc_config.o
    0x200005ae   COMPRESSED   0x00000002   PAD
    0x200005b0   COMPRESSED   0x0000013c   Data   RW          819    .data               mc_config.o
    0x200006ec   COMPRESSED   0x0000003e   Data   RW          862    .data               mc_tasks.o
    0x2000072a   COMPRESSED   0x00000001   Data   RW          966    .data               stm32f0xx_mc_it.o
    0x2000072b   COMPRESSED   0x00000001   PAD
    0x2000072c   COMPRESSED   0x00000010   Data   RW         1047    .data               ui_task.o
    0x2000073c   COMPRESSED   0x00000004   Data   RW         2879    .data               stm32f0xx_hal.o
    0x20000740   COMPRESSED   0x00000004   Data   RW         3945    .data               system_stm32f0xx.o
    0x20000744   COMPRESSED   0x00000004   Data   RW         3980    .data               timebase.o
    0x20000748        -       0x000000fc   Zero   RW           15    .bss                main.o
    0x20000844        -       0x00000044   Zero   RW           16    .bss                main.o
    0x20000888        -       0x00000018   Zero   RW          802    .bss                mc_config.o
    0x200008a0        -       0x00000094   Zero   RW          861    .bss                mc_tasks.o
    0x20000934        -       0x000000b4   Zero   RW         1045    .bss                ui_task.o
    0x200009e8        -       0x00000400   Zero   RW            1    STACK               startup_stm32f031x6.o


==============================================================================

Image component sizes


      Code (inc. data)   RO Data    RW Data    ZI Data      Debug   Object Name

        14          0          0          0          0       1580   bus_voltage_sensor.o
        76          0          0          0          0       1220   circle_limitation.o
         0          0          0          0          0       3908   digital_output.o
       142          0          0          0          0       2897   frame_communication_protocol.o
       786         44          0         28        320     282332   main.o
       104         26          0          0          0       2780   mc_api.o
         0          0          0       1722         24       1679   mc_config.o
       500          0          0          0          0      15391   mc_interface.o
       412         34        512          0          0       6133   mc_math.o
         0          0         44          0          0        225   mc_parameters.o
      1892        296          0         62        148      12020   mc_tasks.o
      1672        602          0          8          0       5716   motor_control_protocol.o
       124          0          0          0          0       2654   motor_power_measurement.o
        64         16         32         12          0     307847   motorcontrol.o
       144          4          0          0          0       2676   ntc_temperature_sensor.o
       200         10          0          0          0       7287   pid_regulator.o
       104          0          0          0          0       1163   pqd_motor_power_measurement.o
       468          0          0          0          0       6219   pwm_curr_fdbk.o
      3816        328         19          0          0      98145   r3_f0xx_pwm_curr_fdbk.o
       320          0          0          0          0       4360   ramp_ext_mngr.o
       136          0          0          0          0       3210   speed_pos_fdbk.o
       382          0          0          0          0       9559   speed_torq_ctrl.o
        28          8        176          0       1024        616   startup_stm32f031x6.o
       362         20          0          0          0       4840   state_machine.o
       122         18          0          4          0       3535   stm32f0xx_hal.o
       740         28          0          0          0       2931   stm32f0xx_hal_adc.o
       182         32          0          0          0      10163   stm32f0xx_hal_cortex.o
       112         12          0          0          0       1203   stm32f0xx_hal_dma.o
       344         22          0          0          0       2188   stm32f0xx_hal_gpio.o
       428         84          0          0          0       3322   stm32f0xx_hal_msp.o
      1544        120          0          0          0       5751   stm32f0xx_hal_rcc.o
       252         14          0          0          0       1328   stm32f0xx_hal_rcc_ex.o
       834         62          0          0          0       5976   stm32f0xx_hal_tim.o
       170          0          0          0          0       2008   stm32f0xx_hal_tim_ex.o
       882         24          0          0          0       5028   stm32f0xx_hal_uart.o
       256         36          0          1          0      19891   stm32f0xx_mc_it.o
        92         14         24          4          0       1099   system_stm32f0xx.o
        60          8          0          4          0       1462   timebase.o
       172         42          0         16        180       3090   ui_task.o
       440         14          6          0          0      26726   usart_frame_communication_protocol.o
      1890         86          0          0          0      11193   user_interface.o
        12          0          0          0          0        988   virtual_bus_voltage_sensor.o
       616          0          0          0          0       7184   virtual_speed_sensor.o

    ----------------------------------------------------------------------
     20910       2004        848       1864       1696     899523   Object Totals
         0          0         32          0          0          0   (incl. Generated)
        16          0          3          3          0          0   (incl. Padding)

    ----------------------------------------------------------------------

      Code (inc. data)   RO Data    RW Data    ZI Data      Debug   Library Member Name

       758          0          0          0          0      13866   revup_ctrl.o
      1626         10          0          0          0      27953   sto_pll_speed_pos_fdbk.o
        86          0          0          0          0          0   __dczerorl2.o
         0          0          0          0          0          0   entry.o
         0          0          0          0          0          0   entry10a.o
         0          0          0          0          0          0   entry11a.o
         8          4          0          0          0          0   entry2.o
         4          0          0          0          0          0   entry5.o
         0          0          0          0          0          0   entry7b.o
         0          0          0          0          0          0   entry8b.o
         8          4          0          0          0          0   entry9a.o
        30          0          0          0          0          0   handlers.o
        40          0          0          0          0         72   idiv.o
        36          8          0          0          0         68   init.o
        36          0          0          0          0        100   memseta.o
        44          0          0          0          0         72   uidiv.o

    ----------------------------------------------------------------------
      2682         26          0          0          0      42131   Library Totals
         6          0          0          0          0          0   (incl. Padding)

    ----------------------------------------------------------------------

      Code (inc. data)   RO Data    RW Data    ZI Data      Debug   Library Name

      2384         10          0          0          0      41819   libmc-keil_M0.lib
       292         16          0          0          0        312   mc_p.l

    ----------------------------------------------------------------------
      2682         26          0          0          0      42131   Library Totals

    ----------------------------------------------------------------------

==============================================================================


      Code (inc. data)   RO Data    RW Data    ZI Data      Debug   

     23592       2030        848       1864       1696     931582   Grand Totals
     23592       2030        848        500       1696     931582   ELF Image Totals (compressed)
     23592       2030        848        500          0          0   ROM Totals

==============================================================================

    Total RO  Size (Code + RO Data)                24440 (  23.87kB)
    Total RW  Size (RW Data + ZI Data)              3560 (   3.48kB)
    Total ROM Size (Code + RO Data + RW Data)      24940 (  24.36kB)

==============================================================================

